Archive member included because of file (symbol)

contiki-native.a(contiki-main.o)
                              /usr/lib/gcc/i486-linux-gnu/4.4.1/../../../../lib/crt1.o (main)
contiki-native.a(button-sensor.o)
                              contiki-native.a(contiki-main.o) (button_sensor)
contiki-native.a(pir-sensor.o)
                              contiki-native.a(contiki-main.o) (pir_sensor)
contiki-native.a(vib-sensor.o)
                              contiki-native.a(contiki-main.o) (vib_sensor)
contiki-native.a(sensors.o)   contiki-native.a(button-sensor.o) (sensors_changed)
contiki-native.a(ctimer.o)    contiki-native.a(contiki-main.o) (ctimer_init)
contiki-native.a(process.o)   contiki-native.a(sensors.o) (process_alloc_event)
contiki-native.a(procinit.o)  contiki-native.a(contiki-main.o) (procinit_init)
contiki-native.a(autostart.o)
                              contiki-native.a(contiki-main.o) (autostart_start)
contiki-native.a(serial-line.o)
                              contiki-native.a(contiki-main.o) (serial_line_process)
contiki-native.a(list.o)      contiki-native.a(ctimer.o) (list_init)
contiki-native.a(etimer.o)    contiki-native.a(ctimer.o) (etimer_expired)
contiki-native.a(ringbuf.o)   contiki-native.a(serial-line.o) (ringbuf_init)
contiki-native.a(tcpip.o)     contiki-native.a(contiki-main.o) (tcpip_process)
contiki-native.a(uip-split.o)
                              contiki-native.a(tcpip.o) (uip_split_output)
contiki-native.a(clock.o)     contiki-native.a(etimer.o) (clock_time)
contiki-native.a(timer.o)     contiki-native.a(etimer.o) (timer_reset)
contiki-native.a(uip.o)       contiki-native.a(uip-split.o) (uip_add32)
/usr/lib/libc_nonshared.a(elf-init.oS)
                              /usr/lib/gcc/i486-linux-gnu/4.4.1/../../../../lib/crt1.o (__libc_csu_fini)

Allocating common symbols
Common symbol       size              file

uip_acc32           0x4               contiki-native.a(uip.o)
serial_line_event_message
                    0x1               contiki-native.a(serial-line.o)
sensors_flags       0x4               contiki-native.a(contiki-main.o)
uip_conns           0x5a0             contiki-native.a(uip.o)
uip_slen            0x2               contiki-native.a(uip.o)
uip_appdata         0x4               contiki-native.a(uip.o)
uip_len             0x2               contiki-native.a(uip.o)
uip_listenports     0x50              contiki-native.a(uip.o)
uip_sappdata        0x4               contiki-native.a(uip.o)
uip_draddr          0x4               contiki-native.a(uip.o)
uip_udp_conns       0xc8              contiki-native.a(uip.o)
uip_udp_conn        0x4               contiki-native.a(uip.o)
uip_hostaddr        0x4               contiki-native.a(uip.o)
uip_buf             0x1a6             contiki-native.a(uip.o)
uip_netmask         0x4               contiki-native.a(uip.o)
uip_conn            0x4               contiki-native.a(uip.o)
uip_flags           0x1               contiki-native.a(uip.o)
tcpip_event         0x1               contiki-native.a(tcpip.o)
sensors_event       0x1               contiki-native.a(sensors.o)

Discarded input sections

 .note.GNU-stack
                0x0000000000000000        0x0 /usr/lib/gcc/i486-linux-gnu/4.4.1/../../../../lib/crt1.o
 .note.GNU-stack
                0x0000000000000000        0x0 /usr/lib/gcc/i486-linux-gnu/4.4.1/../../../../lib/crti.o
 .note.GNU-stack
                0x0000000000000000        0x0 /usr/lib/gcc/i486-linux-gnu/4.4.1/crtbegin.o
 .note.GNU-stack
                0x0000000000000000        0x0 hello-world.co
 .note.GNU-stack
                0x0000000000000000        0x0 contiki-native.a(contiki-main.o)
 .note.GNU-stack
                0x0000000000000000        0x0 contiki-native.a(button-sensor.o)
 .note.GNU-stack
                0x0000000000000000        0x0 contiki-native.a(pir-sensor.o)
 .note.GNU-stack
                0x0000000000000000        0x0 contiki-native.a(vib-sensor.o)
 .note.GNU-stack
                0x0000000000000000        0x0 contiki-native.a(sensors.o)
 .note.GNU-stack
                0x0000000000000000        0x0 contiki-native.a(ctimer.o)
 .note.GNU-stack
                0x0000000000000000        0x0 contiki-native.a(process.o)
 .note.GNU-stack
                0x0000000000000000        0x0 contiki-native.a(procinit.o)
 .note.GNU-stack
                0x0000000000000000        0x0 contiki-native.a(autostart.o)
 .note.GNU-stack
                0x0000000000000000        0x0 contiki-native.a(serial-line.o)
 .note.GNU-stack
                0x0000000000000000        0x0 contiki-native.a(list.o)
 .note.GNU-stack
                0x0000000000000000        0x0 contiki-native.a(etimer.o)
 .note.GNU-stack
                0x0000000000000000        0x0 contiki-native.a(ringbuf.o)
 .note.GNU-stack
                0x0000000000000000        0x0 contiki-native.a(tcpip.o)
 .note.GNU-stack
                0x0000000000000000        0x0 contiki-native.a(uip-split.o)
 .note.GNU-stack
                0x0000000000000000        0x0 contiki-native.a(clock.o)
 .note.GNU-stack
                0x0000000000000000        0x0 contiki-native.a(timer.o)
 .note.GNU-stack
                0x0000000000000000        0x0 contiki-native.a(uip.o)
 .group         0x0000000000000000        0x8 /usr/lib/libc_nonshared.a(elf-init.oS)
 .note.GNU-stack
                0x0000000000000000        0x0 /usr/lib/libc_nonshared.a(elf-init.oS)
 .note.GNU-stack
                0x0000000000000000        0x0 /usr/lib/gcc/i486-linux-gnu/4.4.1/crtend.o
 .note.GNU-stack
                0x0000000000000000        0x0 /usr/lib/gcc/i486-linux-gnu/4.4.1/../../../../lib/crtn.o

Memory Configuration

Name             Origin             Length             Attributes
*default*        0x0000000000000000 0xffffffffffffffff

Linker script and memory map

LOAD /usr/lib/gcc/i486-linux-gnu/4.4.1/../../../../lib/crt1.o
LOAD /usr/lib/gcc/i486-linux-gnu/4.4.1/../../../../lib/crti.o
LOAD /usr/lib/gcc/i486-linux-gnu/4.4.1/crtbegin.o
LOAD hello-world.co
LOAD contiki-native.a
LOAD /usr/lib/gcc/i486-linux-gnu/4.4.1/libgcc.a
LOAD /usr/lib/gcc/i486-linux-gnu/4.4.1/libgcc_s.so
LOAD /usr/lib/gcc/i486-linux-gnu/4.4.1/../../../../lib/libc.so
START GROUP
LOAD /lib/libc.so.6
LOAD /usr/lib/libc_nonshared.a
LOAD /lib/ld-linux.so.2
END GROUP
LOAD /usr/lib/gcc/i486-linux-gnu/4.4.1/libgcc.a
LOAD /usr/lib/gcc/i486-linux-gnu/4.4.1/libgcc_s.so
LOAD /usr/lib/gcc/i486-linux-gnu/4.4.1/crtend.o
LOAD /usr/lib/gcc/i486-linux-gnu/4.4.1/../../../../lib/crtn.o
                0x0000000008048000                PROVIDE (__executable_start, 0x8048000)
                0x0000000008048134                . = (0x8048000 + SIZEOF_HEADERS)

.interp         0x0000000008048134       0x13
 *(.interp)
 .interp        0x0000000008048134       0x13 /usr/lib/gcc/i486-linux-gnu/4.4.1/../../../../lib/crt1.o

.note.ABI-tag   0x0000000008048148       0x20
 .note.ABI-tag  0x0000000008048148       0x20 /usr/lib/gcc/i486-linux-gnu/4.4.1/../../../../lib/crt1.o

.note.gnu.build-id
                0x0000000008048168       0x24
 *(.note.gnu.build-id)
 .note.gnu.build-id
                0x0000000008048168       0x24 /usr/lib/gcc/i486-linux-gnu/4.4.1/../../../../lib/crt1.o

.hash           0x000000000804818c      0x480
 *(.hash)
 .hash          0x000000000804818c      0x480 /usr/lib/gcc/i486-linux-gnu/4.4.1/../../../../lib/crt1.o

.gnu.hash       0x000000000804860c      0x4dc
 *(.gnu.hash)
 .gnu.hash      0x000000000804860c      0x4dc /usr/lib/gcc/i486-linux-gnu/4.4.1/../../../../lib/crt1.o

.dynsym         0x0000000008048ae8      0x9b0
 *(.dynsym)
 .dynsym        0x0000000008048ae8      0x9b0 /usr/lib/gcc/i486-linux-gnu/4.4.1/../../../../lib/crt1.o

.dynstr         0x0000000008049498      0x793
 *(.dynstr)
 .dynstr        0x0000000008049498      0x793 /usr/lib/gcc/i486-linux-gnu/4.4.1/../../../../lib/crt1.o

.gnu.version    0x0000000008049c2c      0x136
 *(.gnu.version)
 .gnu.version   0x0000000008049c2c      0x136 /usr/lib/gcc/i486-linux-gnu/4.4.1/../../../../lib/crt1.o

.gnu.version_d  0x0000000008049d64        0x0 load address 0x0000000008049d62
 *(.gnu.version_d)
 .gnu.version_d
                0x0000000000000000        0x0 /usr/lib/gcc/i486-linux-gnu/4.4.1/../../../../lib/crt1.o

.gnu.version_r  0x0000000008049d64       0x30
 *(.gnu.version_r)
 .gnu.version_r
                0x0000000008049d64       0x30 /usr/lib/gcc/i486-linux-gnu/4.4.1/../../../../lib/crt1.o

.rel.dyn        0x0000000008049d94       0x10
 *(.rel.init)
 *(.rel.text .rel.text.* .rel.gnu.linkonce.t.*)
 .rel.text      0x0000000000000000        0x0 /usr/lib/gcc/i486-linux-gnu/4.4.1/../../../../lib/crt1.o
 *(.rel.fini)
 *(.rel.rodata .rel.rodata.* .rel.gnu.linkonce.r.*)
 *(.rel.data.rel.ro* .rel.gnu.linkonce.d.rel.ro.*)
 *(.rel.data .rel.data.* .rel.gnu.linkonce.d.*)
 .rel.data      0x0000000000000000        0x0 /usr/lib/gcc/i486-linux-gnu/4.4.1/../../../../lib/crt1.o
 *(.rel.tdata .rel.tdata.* .rel.gnu.linkonce.td.*)
 *(.rel.tbss .rel.tbss.* .rel.gnu.linkonce.tb.*)
 *(.rel.ctors)
 *(.rel.dtors)
 *(.rel.got)
 .rel.got       0x0000000008049d94        0x8 /usr/lib/gcc/i486-linux-gnu/4.4.1/../../../../lib/crt1.o
 *(.rel.bss .rel.bss.* .rel.gnu.linkonce.b.*)
 .rel.bss       0x0000000008049d9c        0x8 /usr/lib/gcc/i486-linux-gnu/4.4.1/../../../../lib/crt1.o
 *(.rel.ifunc)

.rel.plt        0x0000000008049da4       0x48
 *(.rel.plt)
 .rel.plt       0x0000000008049da4       0x48 /usr/lib/gcc/i486-linux-gnu/4.4.1/../../../../lib/crt1.o
                0x0000000008049dec                PROVIDE (__rel_iplt_start, .)
 *(.rel.iplt)
 .rel.iplt      0x0000000000000000        0x0 /usr/lib/gcc/i486-linux-gnu/4.4.1/../../../../lib/crt1.o
                0x0000000008049dec                PROVIDE (__rel_iplt_end, .)

.init           0x0000000008049dec       0x30
 *(.init)
 .init          0x0000000008049dec       0x22 /usr/lib/gcc/i486-linux-gnu/4.4.1/../../../../lib/crti.o
                0x0000000008049dec                _init
 .init          0x0000000008049e0e        0x5 /usr/lib/gcc/i486-linux-gnu/4.4.1/crtbegin.o
 .init          0x0000000008049e13        0x5 /usr/lib/gcc/i486-linux-gnu/4.4.1/crtend.o
 .init          0x0000000008049e18        0x4 /usr/lib/gcc/i486-linux-gnu/4.4.1/../../../../lib/crtn.o

.plt            0x0000000008049e1c       0xa0
 *(.plt)
 .plt           0x0000000008049e1c       0xa0 /usr/lib/gcc/i486-linux-gnu/4.4.1/../../../../lib/crt1.o
                0x0000000008049e3c                __printf_chk@@GLIBC_2.3.4
                0x0000000008049e4c                __libc_start_main@@GLIBC_2.0
                0x0000000008049e5c                read@@GLIBC_2.0
                0x0000000008049e6c                gettimeofday@@GLIBC_2.0
                0x0000000008049e7c                memcpy@@GLIBC_2.0
                0x0000000008049e8c                select@@GLIBC_2.0
                0x0000000008049e9c                setvbuf@@GLIBC_2.0
                0x0000000008049eac                strncmp@@GLIBC_2.0
 *(.iplt)
 .iplt          0x0000000000000000        0x0 /usr/lib/gcc/i486-linux-gnu/4.4.1/../../../../lib/crt1.o

.text           0x0000000008049ec0     0x31fc
 *(.text.unlikely .text.*_unlikely)
 *(.text .stub .text.* .gnu.linkonce.t.*)
 .text          0x0000000008049ec0       0x24 /usr/lib/gcc/i486-linux-gnu/4.4.1/../../../../lib/crt1.o
                0x0000000008049ec0                _start
 .text          0x0000000008049ee4        0x0 /usr/lib/gcc/i486-linux-gnu/4.4.1/../../../../lib/crti.o
 *fill*         0x0000000008049ee4        0xc 90909090
 .text          0x0000000008049ef0       0x83 /usr/lib/gcc/i486-linux-gnu/4.4.1/crtbegin.o
 *fill*         0x0000000008049f73        0x1 90909090
 .text          0x0000000008049f74       0x34 hello-world.co
 *fill*         0x0000000008049fa8        0x8 90909090
 .text          0x0000000008049fb0      0x159 contiki-native.a(contiki-main.o)
                0x0000000008049fb0                uip_log
                0x0000000008049fd3                log_message
                0x0000000008049ffd                main
 *fill*         0x000000000804a109        0x3 90909090
 .text          0x000000000804a10c       0x32 contiki-native.a(button-sensor.o)
                0x000000000804a12a                button_press
 *fill*         0x000000000804a13e        0x2 90909090
 .text          0x000000000804a140       0x3b contiki-native.a(pir-sensor.o)
                0x000000000804a15e                pir_sensor_changed
 *fill*         0x000000000804a17b        0x1 90909090
 .text          0x000000000804a17c       0x32 contiki-native.a(vib-sensor.o)
                0x000000000804a19a                vib_sensor_changed
 *fill*         0x000000000804a1ae        0x2 90909090
 .text          0x000000000804a1b0      0x23b contiki-native.a(sensors.o)
                0x000000000804a1ec                sensors_first
                0x000000000804a1f6                sensors_next
                0x000000000804a357                sensors_find
                0x000000000804a3c8                sensors_changed
 *fill*         0x000000000804a3eb        0x5 90909090
 .text          0x000000000804a3f0      0x2f9 contiki-native.a(ctimer.o)
                0x000000000804a4d1                ctimer_expired
                0x000000000804a52d                ctimer_stop
                0x000000000804a571                ctimer_restart
                0x000000000804a5d4                ctimer_set
                0x000000000804a657                ctimer_reset
                0x000000000804a6ba                ctimer_init
 *fill*         0x000000000804a6e9        0x7 90909090
 .text          0x000000000804a6f0      0x3cf contiki-native.a(process.o)
                0x000000000804a6f0                process_alloc_event
                0x000000000804a705                process_init
                0x000000000804a733                process_nevents
                0x000000000804a74b                process_post
                0x000000000804a7a5                process_poll
                0x000000000804a7c8                process_is_running
                0x000000000804a8f3                process_post_synch
                0x000000000804a91b                process_start
                0x000000000804a9b4                process_run
                0x000000000804aaa9                process_exit
 *fill*         0x000000000804aabf        0x1 90909090
 .text          0x000000000804aac0       0x3c contiki-native.a(procinit.o)
                0x000000000804aac0                procinit_init
 .text          0x000000000804aafc       0x58 contiki-native.a(autostart.o)
                0x000000000804aafc                autostart_exit
                0x000000000804ab24                autostart_start
 *fill*         0x000000000804ab54        0xc 90909090
 .text          0x000000000804ab60      0x1bd contiki-native.a(serial-line.o)
                0x000000000804ac71                serial_line_init
                0x000000000804aca9                serial_line_input_byte
 *fill*         0x000000000804ad1d        0x3 90909090
 .text          0x000000000804ad20      0x164 contiki-native.a(list.o)
                0x000000000804ad20                list_init
                0x000000000804ad2e                list_head
                0x000000000804ad38                list_copy
                0x000000000804ad47                list_tail
                0x000000000804ad66                list_add
                0x000000000804ada0                list_push
                0x000000000804adb1                list_chop
                0x000000000804ade4                list_pop
                0x000000000804adf6                list_remove
                0x000000000804ae3f                list_length
                0x000000000804ae5b                list_insert
 *fill*         0x000000000804ae84        0xc 90909090
 .text          0x000000000804ae90      0x30e contiki-native.a(etimer.o)
                0x000000000804ae90                etimer_expired
                0x000000000804aea2                etimer_expiration_time
                0x000000000804aeaf                etimer_start_time
                0x000000000804aeb9                etimer_pending
                0x000000000804aecb                etimer_next_expiration_time
                0x000000000804af39                etimer_stop
                0x000000000804af98                etimer_adjust
                0x000000000804afad                etimer_request_poll
                0x000000000804b13a                etimer_restart
                0x000000000804b159                etimer_reset
                0x000000000804b178                etimer_set
 *fill*         0x000000000804b19e        0x2 90909090
 .text          0x000000000804b1a0       0xf9 contiki-native.a(ringbuf.o)
                0x000000000804b1a0                ringbuf_init
                0x000000000804b1bf                ringbuf_put
                0x000000000804b21e                ringbuf_get
                0x000000000804b272                ringbuf_size
                0x000000000804b281                ringbuf_elements
 *fill*         0x000000000804b299        0x7 90909090
 .text          0x000000000804b2a0      0x5cf contiki-native.a(tcpip.o)
                0x000000000804b2a0                tcpip_output
                0x000000000804b2b9                tcpip_set_outputfunc
                0x000000000804b2c6                tcp_attach
                0x000000000804b2dd                udp_attach
                0x000000000804b2f4                tcp_unlisten
                0x000000000804b633                tcpip_uipcall
                0x000000000804b6d6                tcpip_input
                0x000000000804b703                tcpip_poll_tcp
                0x000000000804b726                tcpip_poll_udp
                0x000000000804b749                udp_new
                0x000000000804b777                udp_broadcast_new
                0x000000000804b7b9                tcp_listen
                0x000000000804b831                tcp_connect
 *fill*         0x000000000804b86f        0x1 90909090
 .text          0x000000000804b870      0x152 contiki-native.a(uip-split.o)
                0x000000000804b870                uip_split_output
 *fill*         0x000000000804b9c2        0x2 90909090
 .text          0x000000000804b9c4       0x61 contiki-native.a(clock.o)
                0x000000000804b9c4                clock_delay
                0x000000000804b9c9                clock_seconds
                0x000000000804b9e7                clock_time
 *fill*         0x000000000804ba25        0x3 90909090
 .text          0x000000000804ba28       0x7a contiki-native.a(timer.o)
                0x000000000804ba28                timer_reset
                0x000000000804ba35                timer_remaining
                0x000000000804ba53                timer_expired
                0x000000000804ba73                timer_restart
                0x000000000804ba85                timer_set
 *fill*         0x000000000804baa2        0xe 90909090
 .text          0x000000000804bab0     0x156f contiki-native.a(uip.o)
                0x000000000804bab0                uip_setipid
                0x000000000804babe                uip_add32
                0x000000000804bbbb                uip_init
                0x000000000804bc16                uip_unlisten
                0x000000000804bc7e                uip_listen
                0x000000000804bd3f                htons
                0x000000000804bd4c                uip_connect
                0x000000000804bf03                uip_udpchksum
                0x000000000804bf12                uip_tcpchksum
                0x000000000804bf21                uip_ipchksum
                0x000000000804bf54                uip_chksum
                0x000000000804bf78                htonl
                0x000000000804bf95                uip_send
                0x000000000804bfdc                uip_process
                0x000000000804cf1c                uip_udp_new
 *fill*         0x000000000804d01f        0x1 90909090
 .text          0x000000000804d020       0x6a /usr/lib/libc_nonshared.a(elf-init.oS)
                0x000000000804d020                __libc_csu_fini
                0x000000000804d030                __libc_csu_init
 .text.__i686.get_pc_thunk.bx
                0x000000000804d08a        0x4 /usr/lib/libc_nonshared.a(elf-init.oS)
                0x000000000804d08a                __i686.get_pc_thunk.bx
 *fill*         0x000000000804d08e        0x2 90909090
 .text          0x000000000804d090       0x2a /usr/lib/gcc/i486-linux-gnu/4.4.1/crtend.o
 *fill*         0x000000000804d0ba        0x2 90909090
 .text          0x000000000804d0bc        0x0 /usr/lib/gcc/i486-linux-gnu/4.4.1/../../../../lib/crtn.o
 *(.gnu.warning)

.fini           0x000000000804d0bc       0x1c
 *(.fini)
 .fini          0x000000000804d0bc       0x13 /usr/lib/gcc/i486-linux-gnu/4.4.1/../../../../lib/crti.o
                0x000000000804d0bc                _fini
 .fini          0x000000000804d0cf        0x5 /usr/lib/gcc/i486-linux-gnu/4.4.1/crtbegin.o
 .fini          0x000000000804d0d4        0x4 /usr/lib/gcc/i486-linux-gnu/4.4.1/../../../../lib/crtn.o
                0x000000000804d0d8                PROVIDE (__etext, .)
                0x000000000804d0d8                PROVIDE (_etext, .)
                0x000000000804d0d8                PROVIDE (etext, .)

.rodata         0x000000000804d0d8      0x120
 *(.rodata .rodata.* .gnu.linkonce.r.*)
 .rodata        0x000000000804d0d8        0x4 /usr/lib/gcc/i486-linux-gnu/4.4.1/../../../../lib/crt1.o
                0x000000000804d0d8                _fp_hw
 .rodata.cst4   0x000000000804d0dc        0x4 /usr/lib/gcc/i486-linux-gnu/4.4.1/../../../../lib/crt1.o
                0x000000000804d0dc                _IO_stdin_used
 .rodata.str1.1
                0x000000000804d0e0       0x22 hello-world.co
 *fill*         0x000000000804d102        0x2 00
 .rodata        0x000000000804d104        0x8 hello-world.co
                0x000000000804d104                autostart_processes
 .rodata.str1.1
                0x000000000804d10c       0x18 contiki-native.a(contiki-main.o)
                                         0x1c (size before relaxing)
 .rodata.str1.1
                0x000000000804d124        0x7 contiki-native.a(button-sensor.o)
 *fill*         0x000000000804d12b        0x1 00
 .rodata        0x000000000804d12c       0x10 contiki-native.a(button-sensor.o)
                0x000000000804d12c                button_sensor
 .rodata.str1.1
                0x000000000804d13c        0x4 contiki-native.a(pir-sensor.o)
 .rodata        0x000000000804d140       0x10 contiki-native.a(pir-sensor.o)
                0x000000000804d140                pir_sensor
 .rodata.str1.1
                0x000000000804d150        0xa contiki-native.a(vib-sensor.o)
 *fill*         0x000000000804d15a        0x2 00
 .rodata        0x000000000804d15c       0x10 contiki-native.a(vib-sensor.o)
                0x000000000804d15c                vib_sensor
 .rodata.str1.1
                0x000000000804d16c        0x8 contiki-native.a(sensors.o)
 .rodata.str1.1
                0x000000000804d174        0xf contiki-native.a(ctimer.o)
 .rodata.str1.1
                0x000000000804d183        0xe contiki-native.a(serial-line.o)
 .rodata.str1.1
                0x000000000804d191        0xc contiki-native.a(etimer.o)
 .rodata.str1.1
                0x000000000804d19d        0xd contiki-native.a(tcpip.o)
 *fill*         0x000000000804d1aa        0x2 00
 .rodata        0x000000000804d1ac       0x4c contiki-native.a(uip.o)
                0x000000000804d1f0                uip_broadcast_addr
                0x000000000804d1f4                uip_all_zeroes_addr

.rodata1
 *(.rodata1)

.eh_frame_hdr
 *(.eh_frame_hdr)

.eh_frame       0x000000000804d1f8        0x4
 *(.eh_frame)
 .eh_frame      0x000000000804d1f8        0x4 /usr/lib/gcc/i486-linux-gnu/4.4.1/crtend.o

.gcc_except_table
 *(.gcc_except_table .gcc_except_table.*)
                0x000000000804d1fc                . = (ALIGN (0x1000) - ((0x1000 - .) & 0xfff))
                0x000000000804ef0c                . = (0x1000 DATA_SEGMENT_ALIGN 0x1000)

.eh_frame
 *(.eh_frame)

.gcc_except_table
 *(.gcc_except_table .gcc_except_table.*)

.tdata
 *(.tdata .tdata.* .gnu.linkonce.td.*)

.tbss
 *(.tbss .tbss.* .gnu.linkonce.tb.*)
 *(.tcommon)

.preinit_array  0x000000000804ef0c        0x0
                0x000000000804ef0c                PROVIDE (__preinit_array_start, .)
 *(.preinit_array)
                0x000000000804ef0c                PROVIDE (__preinit_array_end, .)

.init_array     0x000000000804ef0c        0x0
                0x000000000804ef0c                PROVIDE (__init_array_start, .)
 *(SORT(.init_array.*))
 *(.init_array)
                0x000000000804ef0c                PROVIDE (__init_array_end, .)

.fini_array     0x000000000804ef0c        0x0
                0x000000000804ef0c                PROVIDE (__fini_array_start, .)
 *(.fini_array)
 *(SORT(.fini_array.*))
                0x000000000804ef0c                PROVIDE (__fini_array_end, .)

.ctors          0x000000000804ef0c        0x8
 *crtbegin.o(.ctors)
 .ctors         0x000000000804ef0c        0x4 /usr/lib/gcc/i486-linux-gnu/4.4.1/crtbegin.o
 *crtbegin?.o(.ctors)
 *(EXCLUDE_FILE(*crtend?.o *crtend.o) .ctors)
 *(SORT(.ctors.*))
 *(.ctors)
 .ctors         0x000000000804ef10        0x4 /usr/lib/gcc/i486-linux-gnu/4.4.1/crtend.o

.dtors          0x000000000804ef14        0x8
 *crtbegin.o(.dtors)
 .dtors         0x000000000804ef14        0x4 /usr/lib/gcc/i486-linux-gnu/4.4.1/crtbegin.o
 *crtbegin?.o(.dtors)
 *(EXCLUDE_FILE(*crtend?.o *crtend.o) .dtors)
 *(SORT(.dtors.*))
 *(.dtors)
 .dtors         0x000000000804ef18        0x4 /usr/lib/gcc/i486-linux-gnu/4.4.1/crtend.o
                0x000000000804ef18                __DTOR_END__

.jcr            0x000000000804ef1c        0x4
 *(.jcr)
 .jcr           0x000000000804ef1c        0x0 /usr/lib/gcc/i486-linux-gnu/4.4.1/crtbegin.o
 .jcr           0x000000000804ef1c        0x4 /usr/lib/gcc/i486-linux-gnu/4.4.1/crtend.o

.data.rel.ro
 *(.data.rel.ro.local* .gnu.linkonce.d.rel.ro.local.*)
 *(.data.rel.ro* .gnu.linkonce.d.rel.ro.*)

.dynamic        0x000000000804ef20       0xd0
 *(.dynamic)
 .dynamic       0x000000000804ef20       0xd0 /usr/lib/gcc/i486-linux-gnu/4.4.1/../../../../lib/crt1.o
                0x000000000804ef20                _DYNAMIC

.got            0x000000000804eff0        0x4
 *(.got)
 .got           0x000000000804eff0        0x4 /usr/lib/gcc/i486-linux-gnu/4.4.1/../../../../lib/crt1.o
 *(.igot)
                0x000000000804eff4                . = (. DATA_SEGMENT_RELRO_END 0xc)

.got.plt        0x000000000804eff4       0x30
 *(.got.plt)
 .got.plt       0x000000000804eff4       0x30 /usr/lib/gcc/i486-linux-gnu/4.4.1/../../../../lib/crt1.o
                0x000000000804eff4                _GLOBAL_OFFSET_TABLE_
 *(.igot.plt)
 .igot.plt      0x0000000000000000        0x0 /usr/lib/gcc/i486-linux-gnu/4.4.1/../../../../lib/crt1.o

.data           0x000000000804f024       0x88
 *(.data .data.* .gnu.linkonce.d.*)
 .data          0x000000000804f024        0x4 /usr/lib/gcc/i486-linux-gnu/4.4.1/../../../../lib/crt1.o
                0x000000000804f024                data_start
                0x000000000804f024                __data_start
 .data          0x000000000804f028        0x0 /usr/lib/gcc/i486-linux-gnu/4.4.1/../../../../lib/crti.o
 .data          0x000000000804f028        0x4 /usr/lib/gcc/i486-linux-gnu/4.4.1/crtbegin.o
                0x000000000804f028                __dso_handle
 .data          0x000000000804f02c       0x10 hello-world.co
                0x000000000804f02c                hello_world_process
 .data          0x000000000804f03c       0x20 contiki-native.a(contiki-main.o)
                0x000000000804f03c                procinit
                0x000000000804f04c                sensors
 .data          0x000000000804f05c        0x0 contiki-native.a(button-sensor.o)
 .data          0x000000000804f05c        0x0 contiki-native.a(pir-sensor.o)
 .data          0x000000000804f05c        0x0 contiki-native.a(vib-sensor.o)
 .data          0x000000000804f05c       0x10 contiki-native.a(sensors.o)
                0x000000000804f05c                sensors_process
 .data          0x000000000804f06c       0x10 contiki-native.a(ctimer.o)
                0x000000000804f06c                ctimer_process
 .data          0x000000000804f07c        0x0 contiki-native.a(process.o)
 .data          0x000000000804f07c        0x0 contiki-native.a(procinit.o)
 .data          0x000000000804f07c        0x0 contiki-native.a(autostart.o)
 .data          0x000000000804f07c       0x10 contiki-native.a(serial-line.o)
                0x000000000804f07c                serial_line_process
 .data          0x000000000804f08c        0x0 contiki-native.a(list.o)
 .data          0x000000000804f08c       0x10 contiki-native.a(etimer.o)
                0x000000000804f08c                etimer_process
 .data          0x000000000804f09c        0x0 contiki-native.a(ringbuf.o)
 .data          0x000000000804f09c       0x10 contiki-native.a(tcpip.o)
                0x000000000804f09c                tcpip_process
 .data          0x000000000804f0ac        0x0 contiki-native.a(uip-split.o)
 .data          0x000000000804f0ac        0x0 contiki-native.a(clock.o)
 .data          0x000000000804f0ac        0x0 contiki-native.a(timer.o)
 .data          0x000000000804f0ac        0x0 contiki-native.a(uip.o)
 .data          0x000000000804f0ac        0x0 /usr/lib/libc_nonshared.a(elf-init.oS)
 .data          0x000000000804f0ac        0x0 /usr/lib/gcc/i486-linux-gnu/4.4.1/crtend.o
 .data          0x000000000804f0ac        0x0 /usr/lib/gcc/i486-linux-gnu/4.4.1/../../../../lib/crtn.o

.data1
 *(.data1)
                0x000000000804f0ac                _edata = .
                0x000000000804f0ac                PROVIDE (edata, .)
                0x000000000804f0ac                __bss_start = .

.bss            0x000000000804f0c0      0xdd4
 *(.dynbss)
 .dynbss        0x000000000804f0c0        0x4 /usr/lib/gcc/i486-linux-gnu/4.4.1/../../../../lib/crt1.o
                0x000000000804f0c0                stdout@@GLIBC_2.0
 *(.bss .bss.* .gnu.linkonce.b.*)
 .bss           0x000000000804f0c4        0x0 /usr/lib/gcc/i486-linux-gnu/4.4.1/../../../../lib/crt1.o
 .bss           0x000000000804f0c4        0x0 /usr/lib/gcc/i486-linux-gnu/4.4.1/../../../../lib/crti.o
 .bss           0x000000000804f0c4        0x8 /usr/lib/gcc/i486-linux-gnu/4.4.1/crtbegin.o
 .bss           0x000000000804f0cc        0x0 hello-world.co
 .bss           0x000000000804f0cc        0x0 contiki-native.a(contiki-main.o)
 .bss           0x000000000804f0cc        0x0 contiki-native.a(button-sensor.o)
 .bss           0x000000000804f0cc        0x4 contiki-native.a(pir-sensor.o)
 .bss           0x000000000804f0d0        0x0 contiki-native.a(vib-sensor.o)
 .bss           0x000000000804f0d0        0x9 contiki-native.a(sensors.o)
 *fill*         0x000000000804f0d9        0x3 00
 .bss           0x000000000804f0dc        0x5 contiki-native.a(ctimer.o)
 *fill*         0x000000000804f0e1       0x1f 00
 .bss           0x000000000804f100      0x1a1 contiki-native.a(process.o)
                0x000000000804f100                process_list
                0x000000000804f104                process_current
 *fill*         0x000000000804f2a1        0x3 00
 .bss           0x000000000804f2a4        0x0 contiki-native.a(procinit.o)
 .bss           0x000000000804f2a4        0x0 contiki-native.a(autostart.o)
 *fill*         0x000000000804f2a4       0x1c 00
 .bss           0x000000000804f2c0      0x140 contiki-native.a(serial-line.o)
 .bss           0x000000000804f400        0x0 contiki-native.a(list.o)
 .bss           0x000000000804f400        0x8 contiki-native.a(etimer.o)
 .bss           0x000000000804f408        0x0 contiki-native.a(ringbuf.o)
 *fill*         0x000000000804f408       0x18 00
 .bss           0x000000000804f420      0x168 contiki-native.a(tcpip.o)
 .bss           0x000000000804f588        0x0 contiki-native.a(uip-split.o)
 .bss           0x000000000804f588        0x0 contiki-native.a(clock.o)
 .bss           0x000000000804f588        0x0 contiki-native.a(timer.o)
 .bss           0x000000000804f588       0x12 contiki-native.a(uip.o)
                0x000000000804f588                uip_ethaddr
 *fill*         0x000000000804f59a        0x2 00
 .bss           0x000000000804f59c        0x0 /usr/lib/libc_nonshared.a(elf-init.oS)
 .bss           0x000000000804f59c        0x0 /usr/lib/gcc/i486-linux-gnu/4.4.1/crtend.o
 .bss           0x000000000804f59c        0x0 /usr/lib/gcc/i486-linux-gnu/4.4.1/../../../../lib/crtn.o
 *(COMMON)
 COMMON         0x000000000804f59c        0x4 contiki-native.a(contiki-main.o)
                0x000000000804f59c                sensors_flags
 COMMON         0x000000000804f5a0        0x1 contiki-native.a(sensors.o)
                0x000000000804f5a0                sensors_event
 COMMON         0x000000000804f5a1        0x1 contiki-native.a(serial-line.o)
                0x000000000804f5a1                serial_line_event_message
 COMMON         0x000000000804f5a2        0x1 contiki-native.a(tcpip.o)
                0x000000000804f5a2                tcpip_event
 *fill*         0x000000000804f5a3       0x1d 00
 COMMON         0x000000000804f5c0      0x8d1 contiki-native.a(uip.o)
                0x000000000804f5c0                uip_acc32
                0x000000000804f5e0                uip_conns
                0x000000000804fb80                uip_slen
                0x000000000804fb84                uip_appdata
                0x000000000804fb88                uip_len
                0x000000000804fba0                uip_listenports
                0x000000000804fbf0                uip_sappdata
                0x000000000804fbf4                uip_draddr
                0x000000000804fc00                uip_udp_conns
                0x000000000804fcc8                uip_udp_conn
                0x000000000804fccc                uip_hostaddr
                0x000000000804fce0                uip_buf
                0x000000000804fe86                uip_netmask
                0x000000000804fe8c                uip_conn
                0x000000000804fe90                uip_flags
                0x000000000804fe94                . = ALIGN ((. != 0x0)?0x4:0x1)
 *fill*         0x000000000804fe91        0x3 00
                0x000000000804fe94                . = ALIGN (0x4)
                0x000000000804fe94                . = ALIGN (0x4)
                0x000000000804fe94                _end = .
                0x000000000804fe94                PROVIDE (end, .)
                0x000000000804fe94                . = DATA_SEGMENT_END (.)

.stab
 *(.stab)

.stabstr
 *(.stabstr)

.stab.excl
 *(.stab.excl)

.stab.exclstr
 *(.stab.exclstr)

.stab.index
 *(.stab.index)

.stab.indexstr
 *(.stab.indexstr)

.comment        0x0000000000000000       0x23
 *(.comment)
 .comment       0x0000000000000000       0x23 /usr/lib/gcc/i486-linux-gnu/4.4.1/../../../../lib/crt1.o
                                         0x24 (size before relaxing)
 .comment       0x0000000000000000       0x24 /usr/lib/gcc/i486-linux-gnu/4.4.1/../../../../lib/crti.o
 .comment       0x0000000000000000       0x24 /usr/lib/gcc/i486-linux-gnu/4.4.1/crtbegin.o
 .comment       0x0000000000000000       0x24 hello-world.co
 .comment       0x0000000000000000       0x24 contiki-native.a(contiki-main.o)
 .comment       0x0000000000000000       0x24 contiki-native.a(button-sensor.o)
 .comment       0x0000000000000000       0x24 contiki-native.a(pir-sensor.o)
 .comment       0x0000000000000000       0x24 contiki-native.a(vib-sensor.o)
 .comment       0x0000000000000000       0x24 contiki-native.a(sensors.o)
 .comment       0x0000000000000000       0x24 contiki-native.a(ctimer.o)
 .comment       0x0000000000000000       0x24 contiki-native.a(process.o)
 .comment       0x0000000000000000       0x24 contiki-native.a(procinit.o)
 .comment       0x0000000000000000       0x24 contiki-native.a(autostart.o)
 .comment       0x0000000000000000       0x24 contiki-native.a(serial-line.o)
 .comment       0x0000000000000000       0x24 contiki-native.a(list.o)
 .comment       0x0000000000000000       0x24 contiki-native.a(etimer.o)
 .comment       0x0000000000000000       0x24 contiki-native.a(ringbuf.o)
 .comment       0x0000000000000000       0x24 contiki-native.a(tcpip.o)
 .comment       0x0000000000000000       0x24 contiki-native.a(uip-split.o)
 .comment       0x0000000000000000       0x24 contiki-native.a(clock.o)
 .comment       0x0000000000000000       0x24 contiki-native.a(timer.o)
 .comment       0x0000000000000000       0x24 contiki-native.a(uip.o)
 .comment       0x0000000000000000       0x24 /usr/lib/libc_nonshared.a(elf-init.oS)
 .comment       0x0000000000000000       0x24 /usr/lib/gcc/i486-linux-gnu/4.4.1/crtend.o
 .comment       0x0000000000000000       0x24 /usr/lib/gcc/i486-linux-gnu/4.4.1/../../../../lib/crtn.o

.debug
 *(.debug)

.line
 *(.line)

.debug_srcinfo
 *(.debug_srcinfo)

.debug_sfnames
 *(.debug_sfnames)

.debug_aranges  0x0000000000000000      0x280
 *(.debug_aranges)
 .debug_aranges
                0x0000000000000000       0x20 /usr/lib/gcc/i486-linux-gnu/4.4.1/../../../../lib/crt1.o
 .debug_aranges
                0x0000000000000020       0x20 hello-world.co
 .debug_aranges
                0x0000000000000040       0x20 contiki-native.a(contiki-main.o)
 .debug_aranges
                0x0000000000000060       0x20 contiki-native.a(button-sensor.o)
 .debug_aranges
                0x0000000000000080       0x20 contiki-native.a(pir-sensor.o)
 .debug_aranges
                0x00000000000000a0       0x20 contiki-native.a(vib-sensor.o)
 .debug_aranges
                0x00000000000000c0       0x20 contiki-native.a(sensors.o)
 .debug_aranges
                0x00000000000000e0       0x20 contiki-native.a(ctimer.o)
 .debug_aranges
                0x0000000000000100       0x20 contiki-native.a(process.o)
 .debug_aranges
                0x0000000000000120       0x20 contiki-native.a(procinit.o)
 .debug_aranges
                0x0000000000000140       0x20 contiki-native.a(autostart.o)
 .debug_aranges
                0x0000000000000160       0x20 contiki-native.a(serial-line.o)
 .debug_aranges
                0x0000000000000180       0x20 contiki-native.a(list.o)
 .debug_aranges
                0x00000000000001a0       0x20 contiki-native.a(etimer.o)
 .debug_aranges
                0x00000000000001c0       0x20 contiki-native.a(ringbuf.o)
 .debug_aranges
                0x00000000000001e0       0x20 contiki-native.a(tcpip.o)
 .debug_aranges
                0x0000000000000200       0x20 contiki-native.a(uip-split.o)
 .debug_aranges
                0x0000000000000220       0x20 contiki-native.a(clock.o)
 .debug_aranges
                0x0000000000000240       0x20 contiki-native.a(timer.o)
 .debug_aranges
                0x0000000000000260       0x20 contiki-native.a(uip.o)

.debug_pubnames
                0x0000000000000000      0xa64
 *(.debug_pubnames)
 .debug_pubnames
                0x0000000000000000       0x25 /usr/lib/gcc/i486-linux-gnu/4.4.1/../../../../lib/crt1.o
 .debug_pubnames
                0x0000000000000025       0x42 hello-world.co
 .debug_pubnames
                0x0000000000000067       0x62 contiki-native.a(contiki-main.o)
 .debug_pubnames
                0x00000000000000c9       0x35 contiki-native.a(button-sensor.o)
 .debug_pubnames
                0x00000000000000fe       0x38 contiki-native.a(pir-sensor.o)
 .debug_pubnames
                0x0000000000000136       0x38 contiki-native.a(vib-sensor.o)
 .debug_pubnames
                0x000000000000016e       0x80 contiki-native.a(sensors.o)
 .debug_pubnames
                0x00000000000001ee       0x8b contiki-native.a(ctimer.o)
 .debug_pubnames
                0x0000000000000279       0xf7 contiki-native.a(process.o)
 .debug_pubnames
                0x0000000000000370       0x24 contiki-native.a(procinit.o)
 .debug_pubnames
                0x0000000000000394       0x39 contiki-native.a(autostart.o)
 .debug_pubnames
                0x00000000000003cd       0x78 contiki-native.a(serial-line.o)
 .debug_pubnames
                0x0000000000000445       0xb0 contiki-native.a(list.o)
 .debug_pubnames
                0x00000000000004f5      0x109 contiki-native.a(etimer.o)
 .debug_pubnames
                0x00000000000005fe       0x69 contiki-native.a(ringbuf.o)
 .debug_pubnames
                0x0000000000000667      0x116 contiki-native.a(tcpip.o)
 .debug_pubnames
                0x000000000000077d       0x27 contiki-native.a(uip-split.o)
 .debug_pubnames
                0x00000000000007a4       0x43 contiki-native.a(clock.o)
 .debug_pubnames
                0x00000000000007e7       0x68 contiki-native.a(timer.o)
 .debug_pubnames
                0x000000000000084f      0x215 contiki-native.a(uip.o)

.debug_info     0x0000000000000000     0x51e3
 *(.debug_info .gnu.linkonce.wi.*)
 .debug_info    0x0000000000000000       0xef /usr/lib/gcc/i486-linux-gnu/4.4.1/../../../../lib/crt1.o
 .debug_info    0x00000000000000ef      0x496 hello-world.co
 .debug_info    0x0000000000000585      0x77c contiki-native.a(contiki-main.o)
 .debug_info    0x0000000000000d01      0x1a7 contiki-native.a(button-sensor.o)
 .debug_info    0x0000000000000ea8      0x1cb contiki-native.a(pir-sensor.o)
 .debug_info    0x0000000000001073      0x1b2 contiki-native.a(vib-sensor.o)
 .debug_info    0x0000000000001225      0x3ac contiki-native.a(sensors.o)
 .debug_info    0x00000000000015d1      0x467 contiki-native.a(ctimer.o)
 .debug_info    0x0000000000001a38      0x7b2 contiki-native.a(process.o)
 .debug_info    0x00000000000021ea      0x194 contiki-native.a(procinit.o)
 .debug_info    0x000000000000237e      0x1b1 contiki-native.a(autostart.o)
 .debug_info    0x000000000000252f      0x301 contiki-native.a(serial-line.o)
 .debug_info    0x0000000000002830      0x2fe contiki-native.a(list.o)
 .debug_info    0x0000000000002b2e      0x4b7 contiki-native.a(etimer.o)
 .debug_info    0x0000000000002fe5      0x1c3 contiki-native.a(ringbuf.o)
 .debug_info    0x00000000000031a8      0xc20 contiki-native.a(tcpip.o)
 .debug_info    0x0000000000003dc8      0x311 contiki-native.a(uip-split.o)
 .debug_info    0x00000000000040d9      0x138 contiki-native.a(clock.o)
 .debug_info    0x0000000000004211      0x16f contiki-native.a(timer.o)
 .debug_info    0x0000000000004380      0xe63 contiki-native.a(uip.o)

.debug_abbrev   0x0000000000000000     0x1da6
 *(.debug_abbrev)
 .debug_abbrev  0x0000000000000000       0x5f /usr/lib/gcc/i486-linux-gnu/4.4.1/../../../../lib/crt1.o
 .debug_abbrev  0x000000000000005f      0x1aa hello-world.co
 .debug_abbrev  0x0000000000000209      0x232 contiki-native.a(contiki-main.o)
 .debug_abbrev  0x000000000000043b       0xce contiki-native.a(button-sensor.o)
 .debug_abbrev  0x0000000000000509       0xdf contiki-native.a(pir-sensor.o)
 .debug_abbrev  0x00000000000005e8       0xdb contiki-native.a(vib-sensor.o)
 .debug_abbrev  0x00000000000006c3      0x1e8 contiki-native.a(sensors.o)
 .debug_abbrev  0x00000000000008ab      0x1c9 contiki-native.a(ctimer.o)
 .debug_abbrev  0x0000000000000a74      0x2a8 contiki-native.a(process.o)
 .debug_abbrev  0x0000000000000d1c       0xf9 contiki-native.a(procinit.o)
 .debug_abbrev  0x0000000000000e15       0xf3 contiki-native.a(autostart.o)
 .debug_abbrev  0x0000000000000f08      0x1bb contiki-native.a(serial-line.o)
 .debug_abbrev  0x00000000000010c3      0x13f contiki-native.a(list.o)
 .debug_abbrev  0x0000000000001202      0x20c contiki-native.a(etimer.o)
 .debug_abbrev  0x000000000000140e       0xe1 contiki-native.a(ringbuf.o)
 .debug_abbrev  0x00000000000014ef      0x386 contiki-native.a(tcpip.o)
 .debug_abbrev  0x0000000000001875      0x112 contiki-native.a(uip-split.o)
 .debug_abbrev  0x0000000000001987       0xc3 contiki-native.a(clock.o)
 .debug_abbrev  0x0000000000001a4a       0xc1 contiki-native.a(timer.o)
 .debug_abbrev  0x0000000000001b0b      0x29b contiki-native.a(uip.o)

.debug_line     0x0000000000000000     0x1654
 *(.debug_line)
 .debug_line    0x0000000000000000       0x82 /usr/lib/gcc/i486-linux-gnu/4.4.1/../../../../lib/crt1.o
 .debug_line    0x0000000000000082      0x101 hello-world.co
 .debug_line    0x0000000000000183      0x255 contiki-native.a(contiki-main.o)
 .debug_line    0x00000000000003d8       0x81 contiki-native.a(button-sensor.o)
 .debug_line    0x0000000000000459       0x7f contiki-native.a(pir-sensor.o)
 .debug_line    0x00000000000004d8       0x7e contiki-native.a(vib-sensor.o)
 .debug_line    0x0000000000000556       0xdd contiki-native.a(sensors.o)
 .debug_line    0x0000000000000633      0x159 contiki-native.a(ctimer.o)
 .debug_line    0x000000000000078c      0x194 contiki-native.a(process.o)
 .debug_line    0x0000000000000920       0x83 contiki-native.a(procinit.o)
 .debug_line    0x00000000000009a3       0x8b contiki-native.a(autostart.o)
 .debug_line    0x0000000000000a2e       0xe8 contiki-native.a(serial-line.o)
 .debug_line    0x0000000000000b16       0xb6 contiki-native.a(list.o)
 .debug_line    0x0000000000000bcc      0x142 contiki-native.a(etimer.o)
 .debug_line    0x0000000000000d0e       0x8d contiki-native.a(ringbuf.o)
 .debug_line    0x0000000000000d9b      0x1ee contiki-native.a(tcpip.o)
 .debug_line    0x0000000000000f89      0x126 contiki-native.a(uip-split.o)
 .debug_line    0x00000000000010af       0x97 contiki-native.a(clock.o)
 .debug_line    0x0000000000001146       0xa4 contiki-native.a(timer.o)
 .debug_line    0x00000000000011ea      0x46a contiki-native.a(uip.o)

.debug_frame    0x0000000000000000      0xe14
 *(.debug_frame)
 .debug_frame   0x0000000000000000       0x30 hello-world.co
 .debug_frame   0x0000000000000030       0x7c contiki-native.a(contiki-main.o)
 .debug_frame   0x00000000000000ac       0x74 contiki-native.a(button-sensor.o)
 .debug_frame   0x0000000000000120       0x74 contiki-native.a(pir-sensor.o)
 .debug_frame   0x0000000000000194       0x74 contiki-native.a(vib-sensor.o)
 .debug_frame   0x0000000000000208       0xb8 contiki-native.a(sensors.o)
 .debug_frame   0x00000000000002c0       0xe4 contiki-native.a(ctimer.o)
 .debug_frame   0x00000000000003a4      0x170 contiki-native.a(process.o)
 .debug_frame   0x0000000000000514       0x34 contiki-native.a(procinit.o)
 .debug_frame   0x0000000000000548       0x4c contiki-native.a(autostart.o)
 .debug_frame   0x0000000000000594       0x64 contiki-native.a(serial-line.o)
 .debug_frame   0x00000000000005f8      0x128 contiki-native.a(list.o)
 .debug_frame   0x0000000000000720      0x184 contiki-native.a(etimer.o)
 .debug_frame   0x00000000000008a4       0x9c contiki-native.a(ringbuf.o)
 .debug_frame   0x0000000000000940      0x1a4 contiki-native.a(tcpip.o)
 .debug_frame   0x0000000000000ae4       0x34 contiki-native.a(uip-split.o)
 .debug_frame   0x0000000000000b18       0x60 contiki-native.a(clock.o)
 .debug_frame   0x0000000000000b78       0x98 contiki-native.a(timer.o)
 .debug_frame   0x0000000000000c10      0x204 contiki-native.a(uip.o)

.debug_str      0x0000000000000000     0x119b
 *(.debug_str)
 .debug_str     0x0000000000000000       0x8b /usr/lib/gcc/i486-linux-gnu/4.4.1/../../../../lib/crt1.o
                                         0xcb (size before relaxing)
 .debug_str     0x000000000000008b      0x273 hello-world.co
                                        0x350 (size before relaxing)
 .debug_str     0x00000000000002fe      0x11b contiki-native.a(contiki-main.o)
                                        0x454 (size before relaxing)
 .debug_str     0x0000000000000419       0x37 contiki-native.a(button-sensor.o)
                                        0x158 (size before relaxing)
 .debug_str     0x0000000000000450       0x4d contiki-native.a(pir-sensor.o)
                                        0x16b (size before relaxing)
 .debug_str     0x000000000000049d       0x3a contiki-native.a(vib-sensor.o)
                                        0x158 (size before relaxing)
 .debug_str     0x00000000000004d7       0xa2 contiki-native.a(sensors.o)
                                        0x256 (size before relaxing)
 .debug_str     0x0000000000000579       0xf9 contiki-native.a(ctimer.o)
                                        0x267 (size before relaxing)
 .debug_str     0x0000000000000672      0x156 contiki-native.a(process.o)
                                        0x446 (size before relaxing)
 .debug_str     0x00000000000007c8       0x28 contiki-native.a(procinit.o)
                                        0x166 (size before relaxing)
 .debug_str     0x00000000000007f0       0x3a contiki-native.a(autostart.o)
                                        0x179 (size before relaxing)
 .debug_str     0x000000000000082a       0xbc contiki-native.a(serial-line.o)
                                        0x241 (size before relaxing)
 .debug_str     0x00000000000008e6       0x99 contiki-native.a(list.o)
                                        0x11c (size before relaxing)
 .debug_str     0x000000000000097f      0x133 contiki-native.a(etimer.o)
                                        0x2ce (size before relaxing)
 .debug_str     0x0000000000000ab2       0x64 contiki-native.a(ringbuf.o)
                                        0x176 (size before relaxing)
 .debug_str     0x0000000000000b16      0x2d2 contiki-native.a(tcpip.o)
                                        0x4d1 (size before relaxing)
 .debug_str     0x0000000000000de8       0x6d contiki-native.a(uip-split.o)
                                        0x230 (size before relaxing)
 .debug_str     0x0000000000000e55       0x45 contiki-native.a(clock.o)
                                        0x171 (size before relaxing)
 .debug_str     0x0000000000000e9a       0x27 contiki-native.a(timer.o)
                                        0x15e (size before relaxing)
 .debug_str     0x0000000000000ec1      0x2da contiki-native.a(uip.o)
                                        0x61c (size before relaxing)

.debug_loc      0x0000000000000000     0x29db
 *(.debug_loc)
 .debug_loc     0x0000000000000000       0x57 hello-world.co
 .debug_loc     0x0000000000000057       0xca contiki-native.a(contiki-main.o)
 .debug_loc     0x0000000000000121       0xb0 contiki-native.a(button-sensor.o)
 .debug_loc     0x00000000000001d1       0xb0 contiki-native.a(pir-sensor.o)
 .debug_loc     0x0000000000000281       0xb0 contiki-native.a(vib-sensor.o)
 .debug_loc     0x0000000000000331      0x20e contiki-native.a(sensors.o)
 .debug_loc     0x000000000000053f      0x483 contiki-native.a(ctimer.o)
 .debug_loc     0x00000000000009c2      0x45f contiki-native.a(process.o)
 .debug_loc     0x0000000000000e21       0x3f contiki-native.a(procinit.o)
 .debug_loc     0x0000000000000e60       0xae contiki-native.a(autostart.o)
 .debug_loc     0x0000000000000f0e      0x167 contiki-native.a(serial-line.o)
 .debug_loc     0x0000000000001075      0x46a contiki-native.a(list.o)
 .debug_loc     0x00000000000014df      0x4d1 contiki-native.a(etimer.o)
 .debug_loc     0x00000000000019b0      0x158 contiki-native.a(ringbuf.o)
 .debug_loc     0x0000000000001b08      0x5f0 contiki-native.a(tcpip.o)
 .debug_loc     0x00000000000020f8       0x2c contiki-native.a(uip-split.o)
 .debug_loc     0x0000000000002124       0x84 contiki-native.a(clock.o)
 .debug_loc     0x00000000000021a8       0xdc contiki-native.a(timer.o)
 .debug_loc     0x0000000000002284      0x757 contiki-native.a(uip.o)

.debug_macinfo
 *(.debug_macinfo)

.debug_weaknames
 *(.debug_weaknames)

.debug_funcnames
 *(.debug_funcnames)

.debug_typenames
 *(.debug_typenames)

.debug_varnames
 *(.debug_varnames)

.debug_pubtypes
 *(.debug_pubtypes)

.debug_ranges   0x0000000000000000       0x30
 *(.debug_ranges)
 .debug_ranges  0x0000000000000000       0x18 contiki-native.a(contiki-main.o)
 .debug_ranges  0x0000000000000018       0x18 contiki-native.a(tcpip.o)

.gnu.attributes
 *(.gnu.attributes)

/DISCARD/
 *(.note.GNU-stack)
 *(.gnu_debuglink)
 *(.gnu.lto_*)
OUTPUT(hello-world.native elf32-i386)
