Archive member included because of file (symbol)

../../lib/libdriver.a(ethernet.o)
                              gcc/main.o (EthernetInitExpClk)
../../lib/libdriver.a(flash.o)
                              gcc/main.o (FlashUserGet)
../../lib/libdriver.a(gpio.o)
                              gcc/main.o (GPIOPinTypeUART)
../../lib/libdriver.a(interrupt.o)
                              gcc/main.o (IntMasterEnable)
../../lib/libdriver.a(sysctl.o)
                              gcc/uartstdio.o (SysCtlPeripheralPresent)
../../lib/libdriver.a(systick.o)
                              gcc/main.o (SysTickEnable)
../../lib/libdriver.a(uart.o)
                              gcc/uartstdio.o (UARTEnable)
../../lib/libdriver.a(cpu.o)  ../../lib/libdriver.a(interrupt.o) (CPUcpsid)
/opt/CodeSourcery/Sourcery_G++/bin/../lib/gcc/arm-stellaris-eabi/4.5.1/../../../../arm-stellaris-eabi/lib/libc.a(lib_a-asm-memcpy.o)
                              gcc/ustdlib.o (memcpy)
/opt/CodeSourcery/Sourcery_G++/bin/../lib/gcc/arm-stellaris-eabi/4.5.1/../../../../arm-stellaris-eabi/lib/libc.a(lib_a-memcmp.o)
                              gcc/dhcpc.o (memcmp)
/opt/CodeSourcery/Sourcery_G++/bin/../lib/gcc/arm-stellaris-eabi/4.5.1/../../../../arm-stellaris-eabi/lib/libc.a(lib_a-memset.o)
                              gcc/uip_arp.o (memset)
/opt/CodeSourcery/Sourcery_G++/bin/../lib/gcc/arm-stellaris-eabi/4.5.1/../../../../arm-stellaris-eabi/lib/libc.a(lib_a-strlen.o)
                              gcc/ustdlib.o (strlen)
/opt/CodeSourcery/Sourcery_G++/bin/../lib/gcc/arm-stellaris-eabi/4.5.1/../../../../arm-stellaris-eabi/lib/libc.a(lib_a-strncmp.o)
                              gcc/ustdlib.o (strncmp)
/opt/CodeSourcery/Sourcery_G++/bin/../lib/gcc/arm-stellaris-eabi/4.5.1/../../../../arm-stellaris-eabi/lib/libc.a(lib_a-strncpy.o)
                              gcc/ustdlib.o (strncpy)

Discarded input sections

 .text          0x00000000        0x0 gcc/main.o
 .data          0x00000000        0x0 gcc/main.o
 .bss           0x00000000        0x0 gcc/main.o
 .text          0x00000000        0x0 gcc/startup.o
 .data          0x00000000        0x0 gcc/startup.o
 .bss           0x00000000        0x0 gcc/startup.o
 .text          0x00000000        0x0 gcc/ustdlib.o
 .data          0x00000000        0x0 gcc/ustdlib.o
 .bss           0x00000000        0x0 gcc/ustdlib.o
 .text.usnprintf
                0x00000000       0x18 gcc/ustdlib.o
 .text.ulocaltime
                0x00000000       0xa0 gcc/ustdlib.o
 .text.ustrtoul
                0x00000000       0xb4 gcc/ustdlib.o
 .text.ustrstr  0x00000000       0x2c gcc/ustdlib.o
 .text.ustrnicmp
                0x00000000       0x4e gcc/ustdlib.o
 .text.ustrcasecmp
                0x00000000        0x8 gcc/ustdlib.o
 .rodata.g_psDaysToMonth
                0x00000000       0x18 gcc/ustdlib.o
 .text          0x00000000        0x0 gcc/uartstdio.o
 .data          0x00000000        0x0 gcc/uartstdio.o
 .bss           0x00000000        0x0 gcc/uartstdio.o
 .text.UARTgets
                0x00000000       0x78 gcc/uartstdio.o
 .text.UARTgetc
                0x00000000       0x14 gcc/uartstdio.o
 .bss.bLastWasCR.1409
                0x00000000        0x1 gcc/uartstdio.o
 .text          0x00000000        0x0 gcc/uip.o
 .data          0x00000000        0x0 gcc/uip.o
 .bss           0x00000000        0x0 gcc/uip.o
 .text.uip_setipid
                0x00000000        0xc gcc/uip.o
 .text.uip_unlisten
                0x00000000       0x30 gcc/uip.o
 .text.uip_connect
                0x00000000       0xdc gcc/uip.o
 .text.uip_chksum
                0x00000000       0x16 gcc/uip.o
 .text          0x00000000        0x0 gcc/uip_arp.o
 .data          0x00000000        0x0 gcc/uip_arp.o
 .bss           0x00000000        0x0 gcc/uip_arp.o
 .text.uip_arp_init
                0x00000000       0x30 gcc/uip_arp.o
 .text          0x00000000        0x0 gcc/uip_timer.o
 .data          0x00000000        0x0 gcc/uip_timer.o
 .bss           0x00000000        0x0 gcc/uip_timer.o
 .text.timer_reset
                0x00000000        0xa gcc/uip_timer.o
 .text.timer_restart
                0x00000000        0xc gcc/uip_timer.o
 .text          0x00000000        0x0 gcc/httpd.o
 .data          0x00000000        0x0 gcc/httpd.o
 .bss           0x00000000        0x0 gcc/httpd.o
 .text          0x00000000        0x0 gcc/dhcpc.o
 .data          0x00000000        0x0 gcc/dhcpc.o
 .bss           0x00000000        0x0 gcc/dhcpc.o
 .text          0x00000000        0x0 ../../lib/libdriver.a(ethernet.o)
 .data          0x00000000        0x0 ../../lib/libdriver.a(ethernet.o)
 .bss           0x00000000        0x0 ../../lib/libdriver.a(ethernet.o)
 .text.EthernetConfigGet
                0x00000000       0x18 ../../lib/libdriver.a(ethernet.o)
 .text.EthernetMACAddrGet
                0x00000000       0x28 ../../lib/libdriver.a(ethernet.o)
 .text.EthernetDisable
                0x00000000       0x22 ../../lib/libdriver.a(ethernet.o)
 .text.EthernetPacketAvail
                0x00000000        0xe ../../lib/libdriver.a(ethernet.o)
 .text.EthernetSpaceAvail
                0x00000000        0xc ../../lib/libdriver.a(ethernet.o)
 .text.EthernetPacketGet
                0x00000000        0xc ../../lib/libdriver.a(ethernet.o)
 .text.EthernetPacketPutNonBlocking
                0x00000000       0x10 ../../lib/libdriver.a(ethernet.o)
 .text.EthernetIntRegister
                0x00000000       0x12 ../../lib/libdriver.a(ethernet.o)
 .text.EthernetIntUnregister
                0x00000000       0x12 ../../lib/libdriver.a(ethernet.o)
 .text.EthernetPHYWrite
                0x00000000       0x28 ../../lib/libdriver.a(ethernet.o)
 .text.EthernetPHYPowerOff
                0x00000000       0x1e ../../lib/libdriver.a(ethernet.o)
 .text.EthernetPHYPowerOn
                0x00000000       0x1e ../../lib/libdriver.a(ethernet.o)
 .text          0x00000000        0x0 ../../lib/libdriver.a(flash.o)
 .data          0x00000000        0x0 ../../lib/libdriver.a(flash.o)
 .bss           0x00000000        0x0 ../../lib/libdriver.a(flash.o)
 .text.FlashUsecGet
                0x00000000        0xc ../../lib/libdriver.a(flash.o)
 .text.FlashUsecSet
                0x00000000        0xc ../../lib/libdriver.a(flash.o)
 .text.FlashErase
                0x00000000       0x3c ../../lib/libdriver.a(flash.o)
 .text.FlashProgram
                0x00000000       0xa8 ../../lib/libdriver.a(flash.o)
 .text.FlashProtectGet
                0x00000000       0x84 ../../lib/libdriver.a(flash.o)
 .text.FlashProtectSet
                0x00000000      0x104 ../../lib/libdriver.a(flash.o)
 .text.FlashProtectSave
                0x00000000       0x50 ../../lib/libdriver.a(flash.o)
 .text.FlashUserSet
                0x00000000       0x3c ../../lib/libdriver.a(flash.o)
 .text.FlashUserSave
                0x00000000       0x68 ../../lib/libdriver.a(flash.o)
 .text.FlashIntRegister
                0x00000000       0x14 ../../lib/libdriver.a(flash.o)
 .text.FlashIntUnregister
                0x00000000       0x12 ../../lib/libdriver.a(flash.o)
 .text.FlashIntEnable
                0x00000000       0x10 ../../lib/libdriver.a(flash.o)
 .text.FlashIntDisable
                0x00000000       0x10 ../../lib/libdriver.a(flash.o)
 .text.FlashIntStatus
                0x00000000       0x18 ../../lib/libdriver.a(flash.o)
 .text.FlashIntClear
                0x00000000        0xc ../../lib/libdriver.a(flash.o)
 .rodata.g_pulFMPPERegs
                0x00000000       0x10 ../../lib/libdriver.a(flash.o)
 .rodata.g_pulFMPRERegs
                0x00000000       0x10 ../../lib/libdriver.a(flash.o)
 .rodata.CSWTCH.4
                0x00000000        0x3 ../../lib/libdriver.a(flash.o)
 .text          0x00000000        0x0 ../../lib/libdriver.a(gpio.o)
 .data          0x00000000        0x0 ../../lib/libdriver.a(gpio.o)
 .bss           0x00000000        0x0 ../../lib/libdriver.a(gpio.o)
 .text.GPIOGetIntNumber
                0x00000000       0xf4 ../../lib/libdriver.a(gpio.o)
 .text.GPIODirModeGet
                0x00000000       0x24 ../../lib/libdriver.a(gpio.o)
 .text.GPIOIntTypeSet
                0x00000000       0x48 ../../lib/libdriver.a(gpio.o)
 .text.GPIOIntTypeGet
                0x00000000       0x32 ../../lib/libdriver.a(gpio.o)
 .text.GPIOPadConfigGet
                0x00000000       0x78 ../../lib/libdriver.a(gpio.o)
 .text.GPIOPinIntEnable
                0x00000000        0xc ../../lib/libdriver.a(gpio.o)
 .text.GPIOPinIntDisable
                0x00000000        0xe ../../lib/libdriver.a(gpio.o)
 .text.GPIOPinIntStatus
                0x00000000        0xe ../../lib/libdriver.a(gpio.o)
 .text.GPIOPinIntClear
                0x00000000        0x6 ../../lib/libdriver.a(gpio.o)
 .text.GPIOPortIntRegister
                0x00000000       0x1a ../../lib/libdriver.a(gpio.o)
 .text.GPIOPortIntUnregister
                0x00000000       0x16 ../../lib/libdriver.a(gpio.o)
 .text.GPIOPinRead
                0x00000000        0x6 ../../lib/libdriver.a(gpio.o)
 .text.GPIOPinWrite
                0x00000000        0x6 ../../lib/libdriver.a(gpio.o)
 .text.GPIOPinTypeADC
                0x00000000       0x1c ../../lib/libdriver.a(gpio.o)
 .text.GPIOPinTypeCAN
                0x00000000       0x1c ../../lib/libdriver.a(gpio.o)
 .text.GPIOPinTypeComparator
                0x00000000       0x1c ../../lib/libdriver.a(gpio.o)
 .text.GPIOPinTypeGPIOInput
                0x00000000       0x1c ../../lib/libdriver.a(gpio.o)
 .text.GPIOPinTypeGPIOOutput
                0x00000000       0x1c ../../lib/libdriver.a(gpio.o)
 .text.GPIOPinTypeGPIOOutputOD
                0x00000000       0x1c ../../lib/libdriver.a(gpio.o)
 .text.GPIOPinTypeI2C
                0x00000000       0x1c ../../lib/libdriver.a(gpio.o)
 .text.GPIOPinTypePWM
                0x00000000       0x1c ../../lib/libdriver.a(gpio.o)
 .text.GPIOPinTypeQEI
                0x00000000       0x1c ../../lib/libdriver.a(gpio.o)
 .text.GPIOPinTypeSSI
                0x00000000       0x1c ../../lib/libdriver.a(gpio.o)
 .text.GPIOPinTypeTimer
                0x00000000       0x1c ../../lib/libdriver.a(gpio.o)
 .text.GPIOPinTypeUSBDigital
                0x00000000       0x1c ../../lib/libdriver.a(gpio.o)
 .text.GPIOPinTypeUSBAnalog
                0x00000000       0x1c ../../lib/libdriver.a(gpio.o)
 .text.GPIOPinTypeI2S
                0x00000000       0x1c ../../lib/libdriver.a(gpio.o)
 .text.GPIOPinTypeEPI
                0x00000000       0x1c ../../lib/libdriver.a(gpio.o)
 .text          0x00000000        0x0 ../../lib/libdriver.a(interrupt.o)
 .data          0x00000000        0x0 ../../lib/libdriver.a(interrupt.o)
 .bss           0x00000000        0x0 ../../lib/libdriver.a(interrupt.o)
 .text.IntDefaultHandler
                0x00000000        0x2 ../../lib/libdriver.a(interrupt.o)
 .text.IntMasterDisable
                0x00000000        0xa ../../lib/libdriver.a(interrupt.o)
 .text.IntRegister
                0x00000000       0x30 ../../lib/libdriver.a(interrupt.o)
 .text.IntUnregister
                0x00000000       0x14 ../../lib/libdriver.a(interrupt.o)
 .text.IntPriorityGroupingSet
                0x00000000       0x1c ../../lib/libdriver.a(interrupt.o)
 .text.IntPriorityGroupingGet
                0x00000000       0x24 ../../lib/libdriver.a(interrupt.o)
 .text.IntPrioritySet
                0x00000000       0x28 ../../lib/libdriver.a(interrupt.o)
 .text.IntPriorityGet
                0x00000000       0x1c ../../lib/libdriver.a(interrupt.o)
 .text.IntDisable
                0x00000000       0x70 ../../lib/libdriver.a(interrupt.o)
 .text.IntPendSet
                0x00000000       0x60 ../../lib/libdriver.a(interrupt.o)
 .text.IntPendClear
                0x00000000       0x50 ../../lib/libdriver.a(interrupt.o)
 .text.IntPriorityMaskSet
                0x00000000        0x4 ../../lib/libdriver.a(interrupt.o)
 .text.IntPriorityMaskGet
                0x00000000        0x4 ../../lib/libdriver.a(interrupt.o)
 vtable         0x00000000      0x11c ../../lib/libdriver.a(interrupt.o)
 .rodata.g_pulPriority
                0x00000000       0x20 ../../lib/libdriver.a(interrupt.o)
 .rodata.g_pulRegs
                0x00000000       0x48 ../../lib/libdriver.a(interrupt.o)
 .text          0x00000000        0x0 ../../lib/libdriver.a(sysctl.o)
 .data          0x00000000        0x0 ../../lib/libdriver.a(sysctl.o)
 .bss           0x00000000        0x0 ../../lib/libdriver.a(sysctl.o)
 .text.SysCtlSRAMSizeGet
                0x00000000       0x14 ../../lib/libdriver.a(sysctl.o)
 .text.SysCtlFlashSizeGet
                0x00000000       0x14 ../../lib/libdriver.a(sysctl.o)
 .text.SysCtlPinPresent
                0x00000000       0x14 ../../lib/libdriver.a(sysctl.o)
 .text.SysCtlPeripheralDisable
                0x00000000       0x24 ../../lib/libdriver.a(sysctl.o)
 .text.SysCtlPeripheralSleepEnable
                0x00000000       0x20 ../../lib/libdriver.a(sysctl.o)
 .text.SysCtlPeripheralSleepDisable
                0x00000000       0x24 ../../lib/libdriver.a(sysctl.o)
 .text.SysCtlPeripheralDeepSleepEnable
                0x00000000       0x20 ../../lib/libdriver.a(sysctl.o)
 .text.SysCtlPeripheralDeepSleepDisable
                0x00000000       0x24 ../../lib/libdriver.a(sysctl.o)
 .text.SysCtlPeripheralClockGating
                0x00000000       0x1c ../../lib/libdriver.a(sysctl.o)
 .text.SysCtlIntRegister
                0x00000000       0x14 ../../lib/libdriver.a(sysctl.o)
 .text.SysCtlIntUnregister
                0x00000000       0x12 ../../lib/libdriver.a(sysctl.o)
 .text.SysCtlIntEnable
                0x00000000       0x10 ../../lib/libdriver.a(sysctl.o)
 .text.SysCtlIntDisable
                0x00000000       0x10 ../../lib/libdriver.a(sysctl.o)
 .text.SysCtlIntClear
                0x00000000        0xc ../../lib/libdriver.a(sysctl.o)
 .text.SysCtlIntStatus
                0x00000000       0x18 ../../lib/libdriver.a(sysctl.o)
 .text.SysCtlLDOSet
                0x00000000        0xc ../../lib/libdriver.a(sysctl.o)
 .text.SysCtlLDOGet
                0x00000000        0xc ../../lib/libdriver.a(sysctl.o)
 .text.SysCtlLDOConfigSet
                0x00000000        0xc ../../lib/libdriver.a(sysctl.o)
 .text.SysCtlReset
                0x00000000       0x10 ../../lib/libdriver.a(sysctl.o)
 .text.SysCtlSleep
                0x00000000        0x4 ../../lib/libdriver.a(sysctl.o)
 .text.SysCtlDeepSleep
                0x00000000       0x20 ../../lib/libdriver.a(sysctl.o)
 .text.SysCtlResetCauseGet
                0x00000000        0xc ../../lib/libdriver.a(sysctl.o)
 .text.SysCtlResetCauseClear
                0x00000000       0x10 ../../lib/libdriver.a(sysctl.o)
 .text.SysCtlBrownOutConfigSet
                0x00000000       0x10 ../../lib/libdriver.a(sysctl.o)
 .text.SysCtlPWMClockSet
                0x00000000       0x14 ../../lib/libdriver.a(sysctl.o)
 .text.SysCtlPWMClockGet
                0x00000000       0x18 ../../lib/libdriver.a(sysctl.o)
 .text.SysCtlADCSpeedSet
                0x00000000       0x20 ../../lib/libdriver.a(sysctl.o)
 .text.SysCtlADCSpeedGet
                0x00000000       0x10 ../../lib/libdriver.a(sysctl.o)
 .text.SysCtlIOSCVerificationSet
                0x00000000       0x1c ../../lib/libdriver.a(sysctl.o)
 .text.SysCtlMOSCVerificationSet
                0x00000000       0x1c ../../lib/libdriver.a(sysctl.o)
 .text.SysCtlPLLVerificationSet
                0x00000000       0x1c ../../lib/libdriver.a(sysctl.o)
 .text.SysCtlClkVerificationClear
                0x00000000       0x10 ../../lib/libdriver.a(sysctl.o)
 .text.SysCtlGPIOAHBEnable
                0x00000000       0x14 ../../lib/libdriver.a(sysctl.o)
 .text.SysCtlGPIOAHBDisable
                0x00000000       0x14 ../../lib/libdriver.a(sysctl.o)
 .text.SysCtlUSBPLLEnable
                0x00000000       0x10 ../../lib/libdriver.a(sysctl.o)
 .text.SysCtlUSBPLLDisable
                0x00000000       0x10 ../../lib/libdriver.a(sysctl.o)
 .text.SysCtlI2SMClkSet
                0x00000000       0xe4 ../../lib/libdriver.a(sysctl.o)
 .rodata.g_pulDCGCRegs
                0x00000000        0xc ../../lib/libdriver.a(sysctl.o)
 .rodata.g_pulSCGCRegs
                0x00000000        0xc ../../lib/libdriver.a(sysctl.o)
 .text          0x00000000        0x0 ../../lib/libdriver.a(systick.o)
 .data          0x00000000        0x0 ../../lib/libdriver.a(systick.o)
 .bss           0x00000000        0x0 ../../lib/libdriver.a(systick.o)
 .text.SysTickDisable
                0x00000000       0x10 ../../lib/libdriver.a(systick.o)
 .text.SysTickIntRegister
                0x00000000       0x1c ../../lib/libdriver.a(systick.o)
 .text.SysTickIntUnregister
                0x00000000       0x14 ../../lib/libdriver.a(systick.o)
 .text.SysTickIntDisable
                0x00000000       0x10 ../../lib/libdriver.a(systick.o)
 .text.SysTickPeriodGet
                0x00000000        0xc ../../lib/libdriver.a(systick.o)
 .text.SysTickValueGet
                0x00000000        0xc ../../lib/libdriver.a(systick.o)
 .text          0x00000000        0x0 ../../lib/libdriver.a(uart.o)
 .data          0x00000000        0x0 ../../lib/libdriver.a(uart.o)
 .bss           0x00000000        0x0 ../../lib/libdriver.a(uart.o)
 .text.UARTParityModeSet
                0x00000000        0xc ../../lib/libdriver.a(uart.o)
 .text.UARTParityModeGet
                0x00000000        0x8 ../../lib/libdriver.a(uart.o)
 .text.UARTFIFOLevelSet
                0x00000000        0x6 ../../lib/libdriver.a(uart.o)
 .text.UARTFIFOLevelGet
                0x00000000       0x10 ../../lib/libdriver.a(uart.o)
 .text.UARTConfigGetExpClk
                0x00000000       0x28 ../../lib/libdriver.a(uart.o)
 .text.UARTFIFOEnable
                0x00000000        0xa ../../lib/libdriver.a(uart.o)
 .text.UARTFIFODisable
                0x00000000        0xa ../../lib/libdriver.a(uart.o)
 .text.UARTEnableSIR
                0x00000000       0x14 ../../lib/libdriver.a(uart.o)
 .text.UARTDisableSIR
                0x00000000        0xa ../../lib/libdriver.a(uart.o)
 .text.UARTSmartCardEnable
                0x00000000       0x16 ../../lib/libdriver.a(uart.o)
 .text.UARTSmartCardDisable
                0x00000000        0xa ../../lib/libdriver.a(uart.o)
 .text.UARTModemControlSet
                0x00000000        0xc ../../lib/libdriver.a(uart.o)
 .text.UARTModemControlClear
                0x00000000        0xe ../../lib/libdriver.a(uart.o)
 .text.UARTModemControlGet
                0x00000000        0x8 ../../lib/libdriver.a(uart.o)
 .text.UARTModemStatusGet
                0x00000000        0xc ../../lib/libdriver.a(uart.o)
 .text.UARTFlowControlSet
                0x00000000        0xc ../../lib/libdriver.a(uart.o)
 .text.UARTFlowControlGet
                0x00000000        0x8 ../../lib/libdriver.a(uart.o)
 .text.UARTTxIntModeSet
                0x00000000        0xc ../../lib/libdriver.a(uart.o)
 .text.UARTTxIntModeGet
                0x00000000        0x8 ../../lib/libdriver.a(uart.o)
 .text.UARTSpaceAvail
                0x00000000       0x10 ../../lib/libdriver.a(uart.o)
 .text.UARTCharGet
                0x00000000        0xc ../../lib/libdriver.a(uart.o)
 .text.UARTBreakCtl
                0x00000000       0x18 ../../lib/libdriver.a(uart.o)
 .text.UARTBusy
                0x00000000        0x8 ../../lib/libdriver.a(uart.o)
 .text.UARTIntRegister
                0x00000000       0x30 ../../lib/libdriver.a(uart.o)
 .text.UARTIntUnregister
                0x00000000       0x30 ../../lib/libdriver.a(uart.o)
 .text.UARTIntDisable
                0x00000000        0xa ../../lib/libdriver.a(uart.o)
 .text.UARTDMAEnable
                0x00000000        0x8 ../../lib/libdriver.a(uart.o)
 .text.UARTDMADisable
                0x00000000        0xa ../../lib/libdriver.a(uart.o)
 .text.UARTRxErrorGet
                0x00000000        0x8 ../../lib/libdriver.a(uart.o)
 .text.UARTRxErrorClear
                0x00000000        0x6 ../../lib/libdriver.a(uart.o)
 .text          0x00000000        0x0 ../../lib/libdriver.a(cpu.o)
 .data          0x00000000        0x0 ../../lib/libdriver.a(cpu.o)
 .bss           0x00000000        0x0 ../../lib/libdriver.a(cpu.o)
 .text.CPUcpsid
                0x00000000        0x8 ../../lib/libdriver.a(cpu.o)
 .text.CPUprimask
                0x00000000        0x6 ../../lib/libdriver.a(cpu.o)
 .text.CPUwfi   0x00000000        0x4 ../../lib/libdriver.a(cpu.o)
 .text.CPUbasepriSet
                0x00000000        0x6 ../../lib/libdriver.a(cpu.o)
 .text.CPUbasepriGet
                0x00000000        0x6 ../../lib/libdriver.a(cpu.o)
 .data          0x00000000        0x0 /opt/CodeSourcery/Sourcery_G++/bin/../lib/gcc/arm-stellaris-eabi/4.5.1/../../../../arm-stellaris-eabi/lib/libc.a(lib_a-asm-memcpy.o)
 .bss           0x00000000        0x0 /opt/CodeSourcery/Sourcery_G++/bin/../lib/gcc/arm-stellaris-eabi/4.5.1/../../../../arm-stellaris-eabi/lib/libc.a(lib_a-asm-memcpy.o)
 .data          0x00000000        0x0 /opt/CodeSourcery/Sourcery_G++/bin/../lib/gcc/arm-stellaris-eabi/4.5.1/../../../../arm-stellaris-eabi/lib/libc.a(lib_a-memcmp.o)
 .bss           0x00000000        0x0 /opt/CodeSourcery/Sourcery_G++/bin/../lib/gcc/arm-stellaris-eabi/4.5.1/../../../../arm-stellaris-eabi/lib/libc.a(lib_a-memcmp.o)
 .data          0x00000000        0x0 /opt/CodeSourcery/Sourcery_G++/bin/../lib/gcc/arm-stellaris-eabi/4.5.1/../../../../arm-stellaris-eabi/lib/libc.a(lib_a-memset.o)
 .bss           0x00000000        0x0 /opt/CodeSourcery/Sourcery_G++/bin/../lib/gcc/arm-stellaris-eabi/4.5.1/../../../../arm-stellaris-eabi/lib/libc.a(lib_a-memset.o)
 .text          0x00000000       0x64 /opt/CodeSourcery/Sourcery_G++/bin/../lib/gcc/arm-stellaris-eabi/4.5.1/../../../../arm-stellaris-eabi/lib/libc.a(lib_a-strlen.o)
 .data          0x00000000        0x0 /opt/CodeSourcery/Sourcery_G++/bin/../lib/gcc/arm-stellaris-eabi/4.5.1/../../../../arm-stellaris-eabi/lib/libc.a(lib_a-strlen.o)
 .bss           0x00000000        0x0 /opt/CodeSourcery/Sourcery_G++/bin/../lib/gcc/arm-stellaris-eabi/4.5.1/../../../../arm-stellaris-eabi/lib/libc.a(lib_a-strlen.o)
 .text          0x00000000       0xa0 /opt/CodeSourcery/Sourcery_G++/bin/../lib/gcc/arm-stellaris-eabi/4.5.1/../../../../arm-stellaris-eabi/lib/libc.a(lib_a-strncmp.o)
 .data          0x00000000        0x0 /opt/CodeSourcery/Sourcery_G++/bin/../lib/gcc/arm-stellaris-eabi/4.5.1/../../../../arm-stellaris-eabi/lib/libc.a(lib_a-strncmp.o)
 .bss           0x00000000        0x0 /opt/CodeSourcery/Sourcery_G++/bin/../lib/gcc/arm-stellaris-eabi/4.5.1/../../../../arm-stellaris-eabi/lib/libc.a(lib_a-strncmp.o)
 .data          0x00000000        0x0 /opt/CodeSourcery/Sourcery_G++/bin/../lib/gcc/arm-stellaris-eabi/4.5.1/../../../../arm-stellaris-eabi/lib/libc.a(lib_a-strncpy.o)
 .bss           0x00000000        0x0 /opt/CodeSourcery/Sourcery_G++/bin/../lib/gcc/arm-stellaris-eabi/4.5.1/../../../../arm-stellaris-eabi/lib/libc.a(lib_a-strncpy.o)

Memory Configuration

Name             Origin             Length             Attributes
FLASH            0x20000000         0x00010000         xr
SRAM             0x20010000         0x00008000         xrw
*default*        0x00000000         0xffffffff

Linker script and memory map

LOAD gcc/main.o
LOAD gcc/startup.o
LOAD gcc/ustdlib.o
LOAD gcc/uartstdio.o
LOAD gcc/uip.o
LOAD gcc/uip_arp.o
LOAD gcc/uip_timer.o
LOAD gcc/httpd.o
LOAD gcc/dhcpc.o
LOAD ../../lib/libdriver.a
LOAD ../../lib/libgr.a
LOAD /opt/CodeSourcery/Sourcery_G++/bin/../lib/gcc/arm-stellaris-eabi/4.5.1/../../../../arm-stellaris-eabi/lib/libc.a
LOAD /opt/CodeSourcery/Sourcery_G++/bin/../lib/gcc/arm-stellaris-eabi/4.5.1/../../../../arm-stellaris-eabi/lib/libm.a
LOAD /opt/CodeSourcery/Sourcery_G++/bin/../lib/gcc/arm-stellaris-eabi/4.5.1/../../../../arm-stellaris-eabi/lib/libc.a
LOAD /opt/CodeSourcery/Sourcery_G++/bin/../lib/gcc/arm-stellaris-eabi/4.5.1/libgcc.a
START GROUP
LOAD /opt/CodeSourcery/Sourcery_G++/bin/../lib/gcc/arm-stellaris-eabi/4.5.1/libgcc.a
LOAD /opt/CodeSourcery/Sourcery_G++/bin/../lib/gcc/arm-stellaris-eabi/4.5.1/../../../../arm-stellaris-eabi/lib/libc.a
END GROUP
                0x00000800                __STACKSIZE__ = 0x800
                0x00000080                __HEAPSIZE__ = 0x80
                0x20018000                __SRAM_TOP__ = 0x20018000

.text           0x20000000     0x3414
                0x20000000                _text = .
 *(.vectors)
 .vectors       0x20000000       0xf0 gcc/startup.o
                0x20000000                _vectorstable
 *(.init)
 .init          0x200000f0       0x64 gcc/startup.o
                0x200000f0                ResetHandler
 *(.text*)
 .text.DisplayIPAddress.clone.0
                0x20000154       0x2c gcc/main.o
 .text.SysTickIntHandler
                0x20000180       0x2c gcc/main.o
                0x20000180                SysTickIntHandler
 .text.clock_time
                0x200001ac        0xc gcc/main.o
                0x200001ac                clock_time
 .text.EthernetIntHandler
                0x200001b8       0x4c gcc/main.o
                0x200001b8                EthernetIntHandler
 .text.UARTIntHandler
                0x20000204       0x34 gcc/main.o
                0x20000204                UARTIntHandler
 .text.dhcpc_configured
                0x20000238       0x30 gcc/main.o
                0x20000238                dhcpc_configured
 .text.main     0x20000268      0x330 gcc/main.o
                0x20000268                main
 .text.NmiHandler
                0x20000598        0x2 gcc/startup.o
 .text.FaultHandler
                0x2000059a        0x2 gcc/startup.o
 .text.DefaultHandler
                0x2000059c        0x2 gcc/startup.o
 *fill*         0x2000059e        0x2 00
 .text.uvsnprintf
                0x200005a0      0x24c gcc/ustdlib.o
                0x200005a0                uvsnprintf
 .text.usprintf
                0x200007ec       0x1c gcc/ustdlib.o
                0x200007ec                usprintf
 .text.UARTStdioInitExpClk
                0x20000808       0x54 gcc/uartstdio.o
                0x20000808                UARTStdioInitExpClk
 .text.UARTStdioInit
                0x2000085c        0x8 gcc/uartstdio.o
                0x2000085c                UARTStdioInit
 .text.UARTwrite
                0x20000864       0x30 gcc/uartstdio.o
                0x20000864                UARTwrite
 .text.UARTprintf
                0x20000894      0x1b8 gcc/uartstdio.o
                0x20000894                UARTprintf
 .text.chksum   0x20000a4c       0x38 gcc/uip.o
 .text.uip_add32
                0x20000a84       0x5c gcc/uip.o
                0x20000a84                uip_add32
 .text.uip_add_rcv_nxt
                0x20000ae0       0x2c gcc/uip.o
 .text.uip_init
                0x20000b0c       0x64 gcc/uip.o
                0x20000b0c                uip_init
 .text.uip_listen
                0x20000b70       0x2c gcc/uip.o
                0x20000b70                uip_listen
 .text.htons    0x20000b9c        0xa gcc/uip.o
                0x20000b9c                htons
 *fill*         0x20000ba6        0x2 00
 .text.uip_udp_new
                0x20000ba8       0x94 gcc/uip.o
                0x20000ba8                uip_udp_new
 .text.uip_ipchksum
                0x20000c3c       0x20 gcc/uip.o
                0x20000c3c                uip_ipchksum
 .text.uip_tcpchksum
                0x20000c5c       0x3c gcc/uip.o
                0x20000c5c                uip_tcpchksum
 .text.uip_process
                0x20000c98      0xb98 gcc/uip.o
                0x20000c98                uip_process
 .text.uip_send
                0x20001830       0x24 gcc/uip.o
                0x20001830                uip_send
 .text.uip_arp_update
                0x20001854       0xdc gcc/uip_arp.o
 .text.uip_arp_timer
                0x20001930       0x50 gcc/uip_arp.o
                0x20001930                uip_arp_timer
 .text.uip_arp_arpin
                0x20001980       0xc8 gcc/uip_arp.o
                0x20001980                uip_arp_arpin
 .text.uip_arp_out
                0x20001a48      0x148 gcc/uip_arp.o
                0x20001a48                uip_arp_out
 .text.timer_set
                0x20001b90        0xe gcc/uip_timer.o
                0x20001b90                timer_set
 .text.timer_expired
                0x20001b9e       0x18 gcc/uip_timer.o
                0x20001b9e                timer_expired
 .text.httpd_init
                0x20001bb6        0x8 gcc/httpd.o
                0x20001bb6                httpd_init
 *fill*         0x20001bbe        0x2 00
 .text.httpd_appcall
                0x20001bc0      0x140 gcc/httpd.o
                0x20001bc0                httpd_appcall
 .text.add_msg_type
                0x20001d00       0x12 gcc/dhcpc.o
 .text.add_end  0x20001d12        0x8 gcc/dhcpc.o
 *fill*         0x20001d1a        0x2 00
 .text.create_msg
                0x20001d1c       0x9c gcc/dhcpc.o
 .text.parse_msg
                0x20001db8       0xc4 gcc/dhcpc.o
 .text.dhcpc_init
                0x20001e7c       0x38 gcc/dhcpc.o
                0x20001e7c                dhcpc_init
 .text.dhcpc_appcall
                0x20001eb4      0x1bc gcc/dhcpc.o
                0x20001eb4                dhcpc_appcall
 .text.dhcpc_request
                0x20002070       0x18 gcc/dhcpc.o
                0x20002070                dhcpc_request
 .text.EthernetPacketGetInternal
                0x20002088       0x84 ../../lib/libdriver.a(ethernet.o)
 .text.EthernetPacketPutInternal
                0x2000210c       0x76 ../../lib/libdriver.a(ethernet.o)
 *fill*         0x20002182        0x2 00
 .text.EthernetInitExpClk
                0x20002184       0x14 ../../lib/libdriver.a(ethernet.o)
                0x20002184                EthernetInitExpClk
 .text.EthernetConfigSet
                0x20002198       0x34 ../../lib/libdriver.a(ethernet.o)
                0x20002198                EthernetConfigSet
 .text.EthernetMACAddrSet
                0x200021cc       0x36 ../../lib/libdriver.a(ethernet.o)
                0x200021cc                EthernetMACAddrSet
 .text.EthernetEnable
                0x20002202       0x22 ../../lib/libdriver.a(ethernet.o)
                0x20002202                EthernetEnable
 .text.EthernetPacketGetNonBlocking
                0x20002224       0x10 ../../lib/libdriver.a(ethernet.o)
                0x20002224                EthernetPacketGetNonBlocking
 .text.EthernetPacketPut
                0x20002234        0xc ../../lib/libdriver.a(ethernet.o)
                0x20002234                EthernetPacketPut
 .text.EthernetIntEnable
                0x20002240        0x8 ../../lib/libdriver.a(ethernet.o)
                0x20002240                EthernetIntEnable
 .text.EthernetIntDisable
                0x20002248        0xa ../../lib/libdriver.a(ethernet.o)
                0x20002248                EthernetIntDisable
 .text.EthernetIntStatus
                0x20002252        0xc ../../lib/libdriver.a(ethernet.o)
                0x20002252                EthernetIntStatus
 .text.EthernetIntClear
                0x2000225e        0x4 ../../lib/libdriver.a(ethernet.o)
                0x2000225e                EthernetIntClear
 .text.EthernetPHYRead
                0x20002262       0x26 ../../lib/libdriver.a(ethernet.o)
                0x20002262                EthernetPHYRead
 .text.FlashUserGet
                0x20002288       0x44 ../../lib/libdriver.a(flash.o)
                0x20002288                FlashUserGet
 .text.GPIODirModeSet
                0x200022cc       0x2e ../../lib/libdriver.a(gpio.o)
                0x200022cc                GPIODirModeSet
 .text.GPIOPadConfigSet
                0x200022fa       0xc8 ../../lib/libdriver.a(gpio.o)
                0x200022fa                GPIOPadConfigSet
 .text.GPIOPinTypeUART
                0x200023c2       0x1c ../../lib/libdriver.a(gpio.o)
                0x200023c2                GPIOPinTypeUART
 .text.GPIOPinTypeEthernetLED
                0x200023de       0x1c ../../lib/libdriver.a(gpio.o)
                0x200023de                GPIOPinTypeEthernetLED
 *fill*         0x200023fa        0x2 00
 .text.GPIOPinConfigure
                0x200023fc       0x4c ../../lib/libdriver.a(gpio.o)
                0x200023fc                GPIOPinConfigure
 .text.IntMasterEnable
                0x20002448        0xa ../../lib/libdriver.a(interrupt.o)
                0x20002448                IntMasterEnable
 *fill*         0x20002452        0x2 00
 .text.IntEnable
                0x20002454       0x70 ../../lib/libdriver.a(interrupt.o)
                0x20002454                IntEnable
 .text.SysCtlPeripheralPresent
                0x200024c4       0x44 ../../lib/libdriver.a(sysctl.o)
                0x200024c4                SysCtlPeripheralPresent
 .text.SysCtlPeripheralReset
                0x20002508       0x40 ../../lib/libdriver.a(sysctl.o)
                0x20002508                SysCtlPeripheralReset
 .text.SysCtlPeripheralEnable
                0x20002548       0x20 ../../lib/libdriver.a(sysctl.o)
                0x20002548                SysCtlPeripheralEnable
 .text.SysCtlDelay
                0x20002568        0x6 ../../lib/libdriver.a(sysctl.o)
                0x20002568                SysCtlDelay
 *fill*         0x2000256e        0x2 00
 .text.SysCtlClockSet
                0x20002570      0x158 ../../lib/libdriver.a(sysctl.o)
                0x20002570                SysCtlClockSet
 .text.SysCtlClockGet
                0x200026c8      0x1dc ../../lib/libdriver.a(sysctl.o)
                0x200026c8                SysCtlClockGet
 .text.SysTickEnable
                0x200028a4       0x10 ../../lib/libdriver.a(systick.o)
                0x200028a4                SysTickEnable
 .text.SysTickIntEnable
                0x200028b4       0x10 ../../lib/libdriver.a(systick.o)
                0x200028b4                SysTickIntEnable
 .text.SysTickPeriodSet
                0x200028c4        0xc ../../lib/libdriver.a(systick.o)
                0x200028c4                SysTickPeriodSet
 .text.UARTEnable
                0x200028d0       0x16 ../../lib/libdriver.a(uart.o)
                0x200028d0                UARTEnable
 .text.UARTDisable
                0x200028e6       0x1e ../../lib/libdriver.a(uart.o)
                0x200028e6                UARTDisable
 .text.UARTConfigSetExpClk
                0x20002904       0x4e ../../lib/libdriver.a(uart.o)
                0x20002904                UARTConfigSetExpClk
 .text.UARTCharsAvail
                0x20002952       0x10 ../../lib/libdriver.a(uart.o)
                0x20002952                UARTCharsAvail
 .text.UARTCharGetNonBlocking
                0x20002962       0x10 ../../lib/libdriver.a(uart.o)
                0x20002962                UARTCharGetNonBlocking
 .text.UARTCharPutNonBlocking
                0x20002972       0x12 ../../lib/libdriver.a(uart.o)
                0x20002972                UARTCharPutNonBlocking
 .text.UARTCharPut
                0x20002984        0xc ../../lib/libdriver.a(uart.o)
                0x20002984                UARTCharPut
 .text.UARTIntEnable
                0x20002990        0x8 ../../lib/libdriver.a(uart.o)
                0x20002990                UARTIntEnable
 .text.UARTIntStatus
                0x20002998        0xa ../../lib/libdriver.a(uart.o)
                0x20002998                UARTIntStatus
 .text.UARTIntClear
                0x200029a2        0x4 ../../lib/libdriver.a(uart.o)
                0x200029a2                UARTIntClear
 .text.CPUcpsie
                0x200029a6        0x8 ../../lib/libdriver.a(cpu.o)
                0x200029a6                CPUcpsie
 *fill*         0x200029ae        0x2 00
 .text          0x200029b0      0x2d0 /opt/CodeSourcery/Sourcery_G++/bin/../lib/gcc/arm-stellaris-eabi/4.5.1/../../../../arm-stellaris-eabi/lib/libc.a(lib_a-asm-memcpy.o)
                0x200029b0                memcpy
 .text          0x20002c80       0x58 /opt/CodeSourcery/Sourcery_G++/bin/../lib/gcc/arm-stellaris-eabi/4.5.1/../../../../arm-stellaris-eabi/lib/libc.a(lib_a-memcmp.o)
                0x20002c80                memcmp
 .text          0x20002cd8      0x12c /opt/CodeSourcery/Sourcery_G++/bin/../lib/gcc/arm-stellaris-eabi/4.5.1/../../../../arm-stellaris-eabi/lib/libc.a(lib_a-memset.o)
                0x20002cd8                memset
 .text          0x20002e04       0x7c /opt/CodeSourcery/Sourcery_G++/bin/../lib/gcc/arm-stellaris-eabi/4.5.1/../../../../arm-stellaris-eabi/lib/libc.a(lib_a-strncpy.o)
                0x20002e04                strncpy
 *(.rodata*)
 .rodata.str1.1
                0x20002e80       0xa7 gcc/main.o
 .rodata.str1.1
                0x20002f27       0x17 gcc/ustdlib.o
 *fill*         0x20002f3e        0x2 00
 .rodata.g_ulUARTPeriph
                0x20002f40        0xc gcc/uartstdio.o
 .rodata.str1.1
                0x20002f4c        0x9 gcc/uartstdio.o
                                 0x20 (size before relaxing)
 *fill*         0x20002f55        0x3 00
 .rodata.g_ulUARTBase
                0x20002f58        0xc gcc/uartstdio.o
 .rodata.broadcast_ethaddr
                0x20002f64        0x6 gcc/uip_arp.o
 .rodata.page_not_found
                0x20002f6a      0x115 gcc/httpd.o
 .rodata.default_page_buf1of3
                0x2000307f      0x293 gcc/httpd.o
 .rodata.default_page_buf3of3
                0x20003312       0x2b gcc/httpd.o
 .rodata.xid    0x2000333d        0x4 gcc/dhcpc.o
 .rodata.magic_cookie
                0x20003341        0x4 gcc/dhcpc.o
 *fill*         0x20003345        0x3 00
 .rodata.g_pulGPIOBaseAddrs
                0x20003348       0x48 ../../lib/libdriver.a(gpio.o)
 .rodata.g_pulDCRegs
                0x20003390       0x10 ../../lib/libdriver.a(sysctl.o)
 .rodata.g_pulXtals
                0x200033a0       0x5c ../../lib/libdriver.a(sysctl.o)
 .rodata.g_pulRCGCRegs
                0x200033fc        0xc ../../lib/libdriver.a(sysctl.o)
 .rodata.g_pulSRCRRegs
                0x20003408        0xc ../../lib/libdriver.a(sysctl.o)

.glue_7         0x20003414        0x0
 .glue_7        0x00000000        0x0 linker stubs

.glue_7t        0x20003414        0x0
 .glue_7t       0x00000000        0x0 linker stubs

.vfp11_veneer   0x20003414        0x0
 .vfp11_veneer  0x00000000        0x0 linker stubs

.v4_bx          0x20003414        0x0
 .v4_bx         0x00000000        0x0 linker stubs

.ARM.extab      0x20003414        0x0
 *(.ARM.extab* .gnu.linkonce.armextab.*)

.ARM.exidx      0x20003414        0x0
 *(.ARM.exidx* .gnu.linkonce.armexidx.*)
                0x20003414                _etext = (((_text + SIZEOF (.text)) + SIZEOF (.ARM.extab)) + SIZEOF (.ARM.exidx))

.data           0x20010000        0x6 load address 0x20003414
                0x20010000                _data = .
 *(.vectors_ram)
 *(.data*)
 .data.default_page_buf2of3
                0x20010000        0x6 gcc/httpd.o
                0x20010006                _edata = (_data + SIZEOF (.data))

.bss            0x20010008      0x8b4
                0x20010008                _bss = .
 *(.bss*)
 .bss.g_ulTickCounter
                0x20010008        0x4 gcc/main.o
                0x20010008                g_ulTickCounter
 .bss.g_ulFlags
                0x2001000c        0x4 gcc/main.o
 .bss.sTempAddr.1911
                0x20010010        0x6 gcc/main.o
 *fill*         0x20010016        0x2 00
 .bss.g_ulBase  0x20010018        0x4 gcc/uartstdio.o
 .bss.uip_conn  0x2001001c        0x4 gcc/uip.o
                0x2001001c                uip_conn
 .bss.uip_conns
                0x20010020       0x40 gcc/uip.o
                0x20010020                uip_conns
 .bss.uip_netmask
                0x20010060        0x4 gcc/uip.o
                0x20010060                uip_netmask
 .bss.uip_len   0x20010064        0x2 gcc/uip.o
                0x20010064                uip_len
 .bss.ipid      0x20010066        0x2 gcc/uip.o
 .bss.uip_draddr
                0x20010068        0x4 gcc/uip.o
                0x20010068                uip_draddr
 .bss.uip_slen  0x2001006c        0x2 gcc/uip.o
                0x2001006c                uip_slen
 *fill*         0x2001006e        0x2 00
 .bss.uip_udp_conns
                0x20010070      0x100 gcc/uip.o
                0x20010070                uip_udp_conns
 .bss.tmp16     0x20010170        0x2 gcc/uip.o
 .bss.uip_buf   0x20010172      0x642 gcc/uip.o
                0x20010172                uip_buf
 .bss.uip_appdata
                0x200107b4        0x4 gcc/uip.o
                0x200107b4                uip_appdata
 .bss.iss       0x200107b8        0x4 gcc/uip.o
 .bss.uip_hostaddr
                0x200107bc        0x4 gcc/uip.o
                0x200107bc                uip_hostaddr
 .bss.uip_flags
                0x200107c0        0x1 gcc/uip.o
                0x200107c0                uip_flags
 .bss.uip_acc32
                0x200107c1        0x4 gcc/uip.o
                0x200107c1                uip_acc32
 *fill*         0x200107c5        0x1 00
 .bss.lastport  0x200107c6        0x2 gcc/uip.o
 .bss.uip_stat  0x200107c8       0x34 gcc/uip.o
                0x200107c8                uip_stat
 .bss.uip_ethaddr
                0x200107fc        0x6 gcc/uip.o
                0x200107fc                uip_ethaddr
 *fill*         0x20010802        0x2 00
 .bss.uip_udp_conn
                0x20010804        0x4 gcc/uip.o
                0x20010804                uip_udp_conn
 .bss.c         0x20010808        0x1 gcc/uip.o
 *fill*         0x20010809        0x1 00
 .bss.uip_listenports
                0x2001080a        0x8 gcc/uip.o
                0x2001080a                uip_listenports
 *fill*         0x20010812        0x2 00
 .bss.uip_sappdata
                0x20010814        0x4 gcc/uip.o
                0x20010814                uip_sappdata
 .bss.opt       0x20010818        0x1 gcc/uip.o
 .bss.i         0x20010819        0x1 gcc/uip_arp.o
 .bss.tmpage    0x2001081a        0x1 gcc/uip_arp.o
 *fill*         0x2001081b        0x1 00
 .bss.arp_table
                0x2001081c       0x60 gcc/uip_arp.o
 .bss.c         0x2001087c        0x1 gcc/uip_arp.o
 .bss.arptime   0x2001087d        0x1 gcc/uip_arp.o
 .bss.ipaddr    0x2001087e        0x4 gcc/uip_arp.o
 *fill*         0x20010882        0x2 00
 .bss.hs        0x20010884        0x4 gcc/httpd.o
                0x20010884                hs
 .bss.s         0x20010888       0x34 gcc/dhcpc.o
 *(COMMON)
                0x200108bc                _ebss = (_bss + SIZEOF (.bss))

.heap           0x200108bc       0x80
                0x200108bc                _heap = .
 *(.heap*)
                0x2001093c                . = ALIGN (MAX ((_heap + __HEAPSIZE__), .), 0x4)
 *fill*         0x200108bc       0x80 00
                0x2001093c                _eheap = (_heap + SIZEOF (.heap))

.stack          0x20017800      0x800
                0x20017800                _stack = .
 *(.stack*)
                0x20018000                . = ALIGN (MAX ((_stack + __STACKSIZE__), .), 0x4)
 *fill*         0x20017800      0x800 00
                0x20018000                _estack = (_stack + SIZEOF (.stack))
                0x200108bc                PROVIDE (__HEAP_START, _heap)
OUTPUT(gcc/main.axf elf32-littlearm)

.comment        0x00000000       0x25
 .comment       0x00000000       0x25 gcc/main.o
                                 0x26 (size before relaxing)
 .comment       0x00000000       0x26 gcc/startup.o
 .comment       0x00000000       0x26 gcc/ustdlib.o
 .comment       0x00000000       0x26 gcc/uartstdio.o
 .comment       0x00000000       0x26 gcc/uip.o
 .comment       0x00000000       0x26 gcc/uip_arp.o
 .comment       0x00000000       0x26 gcc/uip_timer.o
 .comment       0x00000000       0x26 gcc/httpd.o
 .comment       0x00000000       0x26 gcc/dhcpc.o
 .comment       0x00000000       0x26 ../../lib/libdriver.a(ethernet.o)
 .comment       0x00000000       0x26 ../../lib/libdriver.a(flash.o)
 .comment       0x00000000       0x26 ../../lib/libdriver.a(gpio.o)
 .comment       0x00000000       0x26 ../../lib/libdriver.a(interrupt.o)
 .comment       0x00000000       0x26 ../../lib/libdriver.a(sysctl.o)
 .comment       0x00000000       0x26 ../../lib/libdriver.a(systick.o)
 .comment       0x00000000       0x26 ../../lib/libdriver.a(uart.o)
 .comment       0x00000000       0x26 ../../lib/libdriver.a(cpu.o)

.ARM.attributes
                0x00000000       0x2f
 .ARM.attributes
                0x00000000       0x31 gcc/main.o
 .ARM.attributes
                0x00000031       0x31 gcc/startup.o
 .ARM.attributes
                0x00000062       0x31 gcc/ustdlib.o
 .ARM.attributes
                0x00000093       0x31 gcc/uartstdio.o
 .ARM.attributes
                0x000000c4       0x31 gcc/uip.o
 .ARM.attributes
                0x000000f5       0x31 gcc/uip_arp.o
 .ARM.attributes
                0x00000126       0x31 gcc/uip_timer.o
 .ARM.attributes
                0x00000157       0x31 gcc/httpd.o
 .ARM.attributes
                0x00000188       0x31 gcc/dhcpc.o
 .ARM.attributes
                0x000001b9       0x31 ../../lib/libdriver.a(ethernet.o)
 .ARM.attributes
                0x000001ea       0x31 ../../lib/libdriver.a(flash.o)
 .ARM.attributes
                0x0000021b       0x31 ../../lib/libdriver.a(gpio.o)
 .ARM.attributes
                0x0000024c       0x31 ../../lib/libdriver.a(interrupt.o)
 .ARM.attributes
                0x0000027d       0x31 ../../lib/libdriver.a(sysctl.o)
 .ARM.attributes
                0x000002ae       0x31 ../../lib/libdriver.a(systick.o)
 .ARM.attributes
                0x000002df       0x31 ../../lib/libdriver.a(uart.o)
 .ARM.attributes
                0x00000310       0x31 ../../lib/libdriver.a(cpu.o)
 .ARM.attributes
                0x00000341       0x21 /opt/CodeSourcery/Sourcery_G++/bin/../lib/gcc/arm-stellaris-eabi/4.5.1/../../../../arm-stellaris-eabi/lib/libc.a(lib_a-asm-memcpy.o)
 .ARM.attributes
                0x00000362       0x31 /opt/CodeSourcery/Sourcery_G++/bin/../lib/gcc/arm-stellaris-eabi/4.5.1/../../../../arm-stellaris-eabi/lib/libc.a(lib_a-memcmp.o)
 .ARM.attributes
                0x00000393       0x31 /opt/CodeSourcery/Sourcery_G++/bin/../lib/gcc/arm-stellaris-eabi/4.5.1/../../../../arm-stellaris-eabi/lib/libc.a(lib_a-memset.o)
 .ARM.attributes
                0x000003c4       0x31 /opt/CodeSourcery/Sourcery_G++/bin/../lib/gcc/arm-stellaris-eabi/4.5.1/../../../../arm-stellaris-eabi/lib/libc.a(lib_a-strlen.o)
 .ARM.attributes
                0x000003f5       0x31 /opt/CodeSourcery/Sourcery_G++/bin/../lib/gcc/arm-stellaris-eabi/4.5.1/../../../../arm-stellaris-eabi/lib/libc.a(lib_a-strncmp.o)
 .ARM.attributes
                0x00000426       0x31 /opt/CodeSourcery/Sourcery_G++/bin/../lib/gcc/arm-stellaris-eabi/4.5.1/../../../../arm-stellaris-eabi/lib/libc.a(lib_a-strncpy.o)

.debug_frame    0x00000000       0xd0
 .debug_frame   0x00000000       0x2c /opt/CodeSourcery/Sourcery_G++/bin/../lib/gcc/arm-stellaris-eabi/4.5.1/../../../../arm-stellaris-eabi/lib/libc.a(lib_a-memcmp.o)
 .debug_frame   0x0000002c       0x2c /opt/CodeSourcery/Sourcery_G++/bin/../lib/gcc/arm-stellaris-eabi/4.5.1/../../../../arm-stellaris-eabi/lib/libc.a(lib_a-memset.o)
 .debug_frame   0x00000058       0x20 /opt/CodeSourcery/Sourcery_G++/bin/../lib/gcc/arm-stellaris-eabi/4.5.1/../../../../arm-stellaris-eabi/lib/libc.a(lib_a-strlen.o)
 .debug_frame   0x00000078       0x2c /opt/CodeSourcery/Sourcery_G++/bin/../lib/gcc/arm-stellaris-eabi/4.5.1/../../../../arm-stellaris-eabi/lib/libc.a(lib_a-strncmp.o)
 .debug_frame   0x000000a4       0x2c /opt/CodeSourcery/Sourcery_G++/bin/../lib/gcc/arm-stellaris-eabi/4.5.1/../../../../arm-stellaris-eabi/lib/libc.a(lib_a-strncpy.o)

Cross Reference Table

Symbol                                            File
CPUbasepriGet                                     ../../lib/libdriver.a(cpu.o)
                                                  ../../lib/libdriver.a(interrupt.o)
CPUbasepriSet                                     ../../lib/libdriver.a(cpu.o)
                                                  ../../lib/libdriver.a(interrupt.o)
CPUcpsid                                          ../../lib/libdriver.a(cpu.o)
                                                  ../../lib/libdriver.a(interrupt.o)
CPUcpsie                                          ../../lib/libdriver.a(cpu.o)
                                                  ../../lib/libdriver.a(interrupt.o)
CPUprimask                                        ../../lib/libdriver.a(cpu.o)
CPUwfi                                            ../../lib/libdriver.a(cpu.o)
                                                  ../../lib/libdriver.a(sysctl.o)
EthernetConfigGet                                 ../../lib/libdriver.a(ethernet.o)
EthernetConfigSet                                 ../../lib/libdriver.a(ethernet.o)
                                                  gcc/main.o
EthernetDisable                                   ../../lib/libdriver.a(ethernet.o)
EthernetEnable                                    ../../lib/libdriver.a(ethernet.o)
                                                  gcc/main.o
EthernetInitExpClk                                ../../lib/libdriver.a(ethernet.o)
                                                  gcc/main.o
EthernetIntClear                                  ../../lib/libdriver.a(ethernet.o)
                                                  gcc/main.o
EthernetIntDisable                                ../../lib/libdriver.a(ethernet.o)
                                                  gcc/main.o
EthernetIntEnable                                 ../../lib/libdriver.a(ethernet.o)
                                                  gcc/main.o
EthernetIntHandler                                gcc/main.o
                                                  gcc/startup.o
EthernetIntRegister                               ../../lib/libdriver.a(ethernet.o)
EthernetIntStatus                                 ../../lib/libdriver.a(ethernet.o)
                                                  gcc/main.o
EthernetIntUnregister                             ../../lib/libdriver.a(ethernet.o)
EthernetMACAddrGet                                ../../lib/libdriver.a(ethernet.o)
EthernetMACAddrSet                                ../../lib/libdriver.a(ethernet.o)
                                                  gcc/main.o
EthernetPHYPowerOff                               ../../lib/libdriver.a(ethernet.o)
EthernetPHYPowerOn                                ../../lib/libdriver.a(ethernet.o)
EthernetPHYRead                                   ../../lib/libdriver.a(ethernet.o)
                                                  gcc/main.o
EthernetPHYWrite                                  ../../lib/libdriver.a(ethernet.o)
EthernetPacketAvail                               ../../lib/libdriver.a(ethernet.o)
EthernetPacketGet                                 ../../lib/libdriver.a(ethernet.o)
EthernetPacketGetNonBlocking                      ../../lib/libdriver.a(ethernet.o)
                                                  gcc/main.o
EthernetPacketPut                                 ../../lib/libdriver.a(ethernet.o)
                                                  gcc/main.o
EthernetPacketPutNonBlocking                      ../../lib/libdriver.a(ethernet.o)
EthernetSpaceAvail                                ../../lib/libdriver.a(ethernet.o)
FlashErase                                        ../../lib/libdriver.a(flash.o)
FlashIntClear                                     ../../lib/libdriver.a(flash.o)
FlashIntDisable                                   ../../lib/libdriver.a(flash.o)
FlashIntEnable                                    ../../lib/libdriver.a(flash.o)
FlashIntRegister                                  ../../lib/libdriver.a(flash.o)
FlashIntStatus                                    ../../lib/libdriver.a(flash.o)
FlashIntUnregister                                ../../lib/libdriver.a(flash.o)
FlashProgram                                      ../../lib/libdriver.a(flash.o)
FlashProtectGet                                   ../../lib/libdriver.a(flash.o)
FlashProtectSave                                  ../../lib/libdriver.a(flash.o)
FlashProtectSet                                   ../../lib/libdriver.a(flash.o)
FlashUsecGet                                      ../../lib/libdriver.a(flash.o)
FlashUsecSet                                      ../../lib/libdriver.a(flash.o)
FlashUserGet                                      ../../lib/libdriver.a(flash.o)
                                                  gcc/main.o
FlashUserSave                                     ../../lib/libdriver.a(flash.o)
FlashUserSet                                      ../../lib/libdriver.a(flash.o)
GPIODirModeGet                                    ../../lib/libdriver.a(gpio.o)
GPIODirModeSet                                    ../../lib/libdriver.a(gpio.o)
GPIOIntTypeGet                                    ../../lib/libdriver.a(gpio.o)
GPIOIntTypeSet                                    ../../lib/libdriver.a(gpio.o)
GPIOPadConfigGet                                  ../../lib/libdriver.a(gpio.o)
GPIOPadConfigSet                                  ../../lib/libdriver.a(gpio.o)
GPIOPinConfigure                                  ../../lib/libdriver.a(gpio.o)
                                                  gcc/main.o
GPIOPinIntClear                                   ../../lib/libdriver.a(gpio.o)
GPIOPinIntDisable                                 ../../lib/libdriver.a(gpio.o)
GPIOPinIntEnable                                  ../../lib/libdriver.a(gpio.o)
GPIOPinIntStatus                                  ../../lib/libdriver.a(gpio.o)
GPIOPinRead                                       ../../lib/libdriver.a(gpio.o)
GPIOPinTypeADC                                    ../../lib/libdriver.a(gpio.o)
GPIOPinTypeCAN                                    ../../lib/libdriver.a(gpio.o)
GPIOPinTypeComparator                             ../../lib/libdriver.a(gpio.o)
GPIOPinTypeEPI                                    ../../lib/libdriver.a(gpio.o)
GPIOPinTypeEthernetLED                            ../../lib/libdriver.a(gpio.o)
                                                  gcc/main.o
GPIOPinTypeGPIOInput                              ../../lib/libdriver.a(gpio.o)
GPIOPinTypeGPIOOutput                             ../../lib/libdriver.a(gpio.o)
GPIOPinTypeGPIOOutputOD                           ../../lib/libdriver.a(gpio.o)
GPIOPinTypeI2C                                    ../../lib/libdriver.a(gpio.o)
GPIOPinTypeI2S                                    ../../lib/libdriver.a(gpio.o)
GPIOPinTypePWM                                    ../../lib/libdriver.a(gpio.o)
GPIOPinTypeQEI                                    ../../lib/libdriver.a(gpio.o)
GPIOPinTypeSSI                                    ../../lib/libdriver.a(gpio.o)
GPIOPinTypeTimer                                  ../../lib/libdriver.a(gpio.o)
GPIOPinTypeUART                                   ../../lib/libdriver.a(gpio.o)
                                                  gcc/main.o
GPIOPinTypeUSBAnalog                              ../../lib/libdriver.a(gpio.o)
GPIOPinTypeUSBDigital                             ../../lib/libdriver.a(gpio.o)
GPIOPinWrite                                      ../../lib/libdriver.a(gpio.o)
GPIOPortIntRegister                               ../../lib/libdriver.a(gpio.o)
GPIOPortIntUnregister                             ../../lib/libdriver.a(gpio.o)
IntDisable                                        ../../lib/libdriver.a(interrupt.o)
                                                  ../../lib/libdriver.a(uart.o)
                                                  ../../lib/libdriver.a(sysctl.o)
                                                  ../../lib/libdriver.a(gpio.o)
                                                  ../../lib/libdriver.a(flash.o)
                                                  ../../lib/libdriver.a(ethernet.o)
IntEnable                                         ../../lib/libdriver.a(interrupt.o)
                                                  ../../lib/libdriver.a(uart.o)
                                                  ../../lib/libdriver.a(sysctl.o)
                                                  ../../lib/libdriver.a(gpio.o)
                                                  ../../lib/libdriver.a(flash.o)
                                                  ../../lib/libdriver.a(ethernet.o)
                                                  gcc/main.o
IntMasterDisable                                  ../../lib/libdriver.a(interrupt.o)
IntMasterEnable                                   ../../lib/libdriver.a(interrupt.o)
                                                  gcc/main.o
IntPendClear                                      ../../lib/libdriver.a(interrupt.o)
IntPendSet                                        ../../lib/libdriver.a(interrupt.o)
IntPriorityGet                                    ../../lib/libdriver.a(interrupt.o)
IntPriorityGroupingGet                            ../../lib/libdriver.a(interrupt.o)
IntPriorityGroupingSet                            ../../lib/libdriver.a(interrupt.o)
IntPriorityMaskGet                                ../../lib/libdriver.a(interrupt.o)
IntPriorityMaskSet                                ../../lib/libdriver.a(interrupt.o)
IntPrioritySet                                    ../../lib/libdriver.a(interrupt.o)
IntRegister                                       ../../lib/libdriver.a(interrupt.o)
                                                  ../../lib/libdriver.a(uart.o)
                                                  ../../lib/libdriver.a(systick.o)
                                                  ../../lib/libdriver.a(sysctl.o)
                                                  ../../lib/libdriver.a(gpio.o)
                                                  ../../lib/libdriver.a(flash.o)
                                                  ../../lib/libdriver.a(ethernet.o)
IntUnregister                                     ../../lib/libdriver.a(interrupt.o)
                                                  ../../lib/libdriver.a(uart.o)
                                                  ../../lib/libdriver.a(systick.o)
                                                  ../../lib/libdriver.a(sysctl.o)
                                                  ../../lib/libdriver.a(gpio.o)
                                                  ../../lib/libdriver.a(flash.o)
                                                  ../../lib/libdriver.a(ethernet.o)
ResetHandler                                      gcc/startup.o
SysCtlADCSpeedGet                                 ../../lib/libdriver.a(sysctl.o)
SysCtlADCSpeedSet                                 ../../lib/libdriver.a(sysctl.o)
SysCtlBrownOutConfigSet                           ../../lib/libdriver.a(sysctl.o)
SysCtlClkVerificationClear                        ../../lib/libdriver.a(sysctl.o)
SysCtlClockGet                                    ../../lib/libdriver.a(sysctl.o)
                                                  gcc/uartstdio.o
                                                  gcc/main.o
SysCtlClockSet                                    ../../lib/libdriver.a(sysctl.o)
                                                  gcc/main.o
SysCtlDeepSleep                                   ../../lib/libdriver.a(sysctl.o)
SysCtlDelay                                       ../../lib/libdriver.a(sysctl.o)
SysCtlFlashSizeGet                                ../../lib/libdriver.a(sysctl.o)
SysCtlGPIOAHBDisable                              ../../lib/libdriver.a(sysctl.o)
SysCtlGPIOAHBEnable                               ../../lib/libdriver.a(sysctl.o)
SysCtlI2SMClkSet                                  ../../lib/libdriver.a(sysctl.o)
SysCtlIOSCVerificationSet                         ../../lib/libdriver.a(sysctl.o)
SysCtlIntClear                                    ../../lib/libdriver.a(sysctl.o)
SysCtlIntDisable                                  ../../lib/libdriver.a(sysctl.o)
SysCtlIntEnable                                   ../../lib/libdriver.a(sysctl.o)
SysCtlIntRegister                                 ../../lib/libdriver.a(sysctl.o)
SysCtlIntStatus                                   ../../lib/libdriver.a(sysctl.o)
SysCtlIntUnregister                               ../../lib/libdriver.a(sysctl.o)
SysCtlLDOConfigSet                                ../../lib/libdriver.a(sysctl.o)
SysCtlLDOGet                                      ../../lib/libdriver.a(sysctl.o)
SysCtlLDOSet                                      ../../lib/libdriver.a(sysctl.o)
SysCtlMOSCVerificationSet                         ../../lib/libdriver.a(sysctl.o)
SysCtlPLLVerificationSet                          ../../lib/libdriver.a(sysctl.o)
SysCtlPWMClockGet                                 ../../lib/libdriver.a(sysctl.o)
SysCtlPWMClockSet                                 ../../lib/libdriver.a(sysctl.o)
SysCtlPeripheralClockGating                       ../../lib/libdriver.a(sysctl.o)
SysCtlPeripheralDeepSleepDisable                  ../../lib/libdriver.a(sysctl.o)
SysCtlPeripheralDeepSleepEnable                   ../../lib/libdriver.a(sysctl.o)
SysCtlPeripheralDisable                           ../../lib/libdriver.a(sysctl.o)
SysCtlPeripheralEnable                            ../../lib/libdriver.a(sysctl.o)
                                                  gcc/uartstdio.o
                                                  gcc/main.o
SysCtlPeripheralPresent                           ../../lib/libdriver.a(sysctl.o)
                                                  gcc/uartstdio.o
SysCtlPeripheralReset                             ../../lib/libdriver.a(sysctl.o)
                                                  gcc/main.o
SysCtlPeripheralSleepDisable                      ../../lib/libdriver.a(sysctl.o)
SysCtlPeripheralSleepEnable                       ../../lib/libdriver.a(sysctl.o)
SysCtlPinPresent                                  ../../lib/libdriver.a(sysctl.o)
SysCtlReset                                       ../../lib/libdriver.a(sysctl.o)
SysCtlResetCauseClear                             ../../lib/libdriver.a(sysctl.o)
SysCtlResetCauseGet                               ../../lib/libdriver.a(sysctl.o)
SysCtlSRAMSizeGet                                 ../../lib/libdriver.a(sysctl.o)
SysCtlSleep                                       ../../lib/libdriver.a(sysctl.o)
SysCtlUSBPLLDisable                               ../../lib/libdriver.a(sysctl.o)
SysCtlUSBPLLEnable                                ../../lib/libdriver.a(sysctl.o)
SysTickDisable                                    ../../lib/libdriver.a(systick.o)
SysTickEnable                                     ../../lib/libdriver.a(systick.o)
                                                  gcc/main.o
SysTickIntDisable                                 ../../lib/libdriver.a(systick.o)
SysTickIntEnable                                  ../../lib/libdriver.a(systick.o)
                                                  gcc/main.o
SysTickIntHandler                                 gcc/main.o
                                                  gcc/startup.o
SysTickIntRegister                                ../../lib/libdriver.a(systick.o)
SysTickIntUnregister                              ../../lib/libdriver.a(systick.o)
SysTickPeriodGet                                  ../../lib/libdriver.a(systick.o)
SysTickPeriodSet                                  ../../lib/libdriver.a(systick.o)
                                                  gcc/main.o
SysTickValueGet                                   ../../lib/libdriver.a(systick.o)
UARTBreakCtl                                      ../../lib/libdriver.a(uart.o)
UARTBusy                                          ../../lib/libdriver.a(uart.o)
UARTCharGet                                       ../../lib/libdriver.a(uart.o)
                                                  gcc/uartstdio.o
UARTCharGetNonBlocking                            ../../lib/libdriver.a(uart.o)
                                                  gcc/main.o
UARTCharPut                                       ../../lib/libdriver.a(uart.o)
                                                  gcc/uartstdio.o
UARTCharPutNonBlocking                            ../../lib/libdriver.a(uart.o)
                                                  gcc/main.o
UARTCharsAvail                                    ../../lib/libdriver.a(uart.o)
                                                  gcc/main.o
UARTConfigGetExpClk                               ../../lib/libdriver.a(uart.o)
UARTConfigSetExpClk                               ../../lib/libdriver.a(uart.o)
                                                  gcc/uartstdio.o
                                                  gcc/main.o
UARTDMADisable                                    ../../lib/libdriver.a(uart.o)
UARTDMAEnable                                     ../../lib/libdriver.a(uart.o)
UARTDisable                                       ../../lib/libdriver.a(uart.o)
UARTDisableSIR                                    ../../lib/libdriver.a(uart.o)
UARTEnable                                        ../../lib/libdriver.a(uart.o)
                                                  gcc/uartstdio.o
UARTEnableSIR                                     ../../lib/libdriver.a(uart.o)
UARTFIFODisable                                   ../../lib/libdriver.a(uart.o)
UARTFIFOEnable                                    ../../lib/libdriver.a(uart.o)
UARTFIFOLevelGet                                  ../../lib/libdriver.a(uart.o)
UARTFIFOLevelSet                                  ../../lib/libdriver.a(uart.o)
UARTFlowControlGet                                ../../lib/libdriver.a(uart.o)
UARTFlowControlSet                                ../../lib/libdriver.a(uart.o)
UARTIntClear                                      ../../lib/libdriver.a(uart.o)
                                                  gcc/main.o
UARTIntDisable                                    ../../lib/libdriver.a(uart.o)
UARTIntEnable                                     ../../lib/libdriver.a(uart.o)
                                                  gcc/main.o
UARTIntHandler                                    gcc/main.o
                                                  gcc/startup.o
UARTIntRegister                                   ../../lib/libdriver.a(uart.o)
UARTIntStatus                                     ../../lib/libdriver.a(uart.o)
                                                  gcc/main.o
UARTIntUnregister                                 ../../lib/libdriver.a(uart.o)
UARTModemControlClear                             ../../lib/libdriver.a(uart.o)
UARTModemControlGet                               ../../lib/libdriver.a(uart.o)
UARTModemControlSet                               ../../lib/libdriver.a(uart.o)
UARTModemStatusGet                                ../../lib/libdriver.a(uart.o)
UARTParityModeGet                                 ../../lib/libdriver.a(uart.o)
UARTParityModeSet                                 ../../lib/libdriver.a(uart.o)
UARTRxErrorClear                                  ../../lib/libdriver.a(uart.o)
UARTRxErrorGet                                    ../../lib/libdriver.a(uart.o)
UARTSmartCardDisable                              ../../lib/libdriver.a(uart.o)
UARTSmartCardEnable                               ../../lib/libdriver.a(uart.o)
UARTSpaceAvail                                    ../../lib/libdriver.a(uart.o)
UARTStdioInit                                     gcc/uartstdio.o
                                                  gcc/main.o
UARTStdioInitExpClk                               gcc/uartstdio.o
UARTTxIntModeGet                                  ../../lib/libdriver.a(uart.o)
UARTTxIntModeSet                                  ../../lib/libdriver.a(uart.o)
UARTgetc                                          gcc/uartstdio.o
UARTgets                                          gcc/uartstdio.o
UARTprintf                                        gcc/uartstdio.o
                                                  gcc/main.o
UARTwrite                                         gcc/uartstdio.o
_bss                                              gcc/startup.o
_data                                             gcc/startup.o
_ebss                                             gcc/startup.o
_edata                                            gcc/startup.o
_estack                                           gcc/startup.o
_etext                                            gcc/startup.o
_text                                             gcc/startup.o
_vectorstable                                     gcc/startup.o
clock_time                                        gcc/main.o
                                                  gcc/uip_timer.o
dhcpc_appcall                                     gcc/dhcpc.o
                                                  gcc/uip.o
dhcpc_configured                                  gcc/main.o
                                                  gcc/dhcpc.o
dhcpc_init                                        gcc/dhcpc.o
                                                  gcc/main.o
dhcpc_request                                     gcc/dhcpc.o
                                                  gcc/main.o
g_ulTickCounter                                   gcc/main.o
hs                                                gcc/httpd.o
htons                                             gcc/uip.o
httpd_appcall                                     gcc/httpd.o
                                                  gcc/uip.o
httpd_init                                        gcc/httpd.o
                                                  gcc/main.o
main                                              gcc/main.o
                                                  gcc/startup.o
memcmp                                            /opt/CodeSourcery/Sourcery_G++/bin/../lib/gcc/arm-stellaris-eabi/4.5.1/../../../../arm-stellaris-eabi/lib/libc.a(lib_a-memcmp.o)
                                                  gcc/dhcpc.o
memcpy                                            /opt/CodeSourcery/Sourcery_G++/bin/../lib/gcc/arm-stellaris-eabi/4.5.1/../../../../arm-stellaris-eabi/lib/libc.a(lib_a-asm-memcpy.o)
                                                  gcc/dhcpc.o
                                                  gcc/uip_arp.o
                                                  gcc/uip.o
                                                  gcc/ustdlib.o
memset                                            /opt/CodeSourcery/Sourcery_G++/bin/../lib/gcc/arm-stellaris-eabi/4.5.1/../../../../arm-stellaris-eabi/lib/libc.a(lib_a-memset.o)
                                                  gcc/dhcpc.o
                                                  gcc/uip_arp.o
strlen                                            /opt/CodeSourcery/Sourcery_G++/bin/../lib/gcc/arm-stellaris-eabi/4.5.1/../../../../arm-stellaris-eabi/lib/libc.a(lib_a-strlen.o)
                                                  gcc/ustdlib.o
strncmp                                           /opt/CodeSourcery/Sourcery_G++/bin/../lib/gcc/arm-stellaris-eabi/4.5.1/../../../../arm-stellaris-eabi/lib/libc.a(lib_a-strncmp.o)
                                                  gcc/ustdlib.o
strncpy                                           /opt/CodeSourcery/Sourcery_G++/bin/../lib/gcc/arm-stellaris-eabi/4.5.1/../../../../arm-stellaris-eabi/lib/libc.a(lib_a-strncpy.o)
                                                  gcc/ustdlib.o
timer_expired                                     gcc/uip_timer.o
                                                  gcc/dhcpc.o
timer_reset                                       gcc/uip_timer.o
timer_restart                                     gcc/uip_timer.o
timer_set                                         gcc/uip_timer.o
                                                  gcc/dhcpc.o
uip_acc32                                         gcc/uip.o
uip_add32                                         gcc/uip.o
uip_appdata                                       gcc/uip.o
                                                  gcc/dhcpc.o
                                                  gcc/httpd.o
                                                  gcc/uip_arp.o
uip_arp_arpin                                     gcc/uip_arp.o
                                                  gcc/main.o
uip_arp_init                                      gcc/uip_arp.o
uip_arp_out                                       gcc/uip_arp.o
                                                  gcc/main.o
uip_arp_timer                                     gcc/uip_arp.o
                                                  gcc/main.o
uip_buf                                           gcc/uip.o
                                                  gcc/uip_arp.o
                                                  gcc/main.o
uip_chksum                                        gcc/uip.o
uip_conn                                          gcc/uip.o
                                                  gcc/httpd.o
                                                  gcc/main.o
uip_connect                                       gcc/uip.o
uip_conns                                         gcc/uip.o
                                                  gcc/main.o
uip_draddr                                        gcc/uip.o
                                                  gcc/uip_arp.o
                                                  gcc/main.o
uip_ethaddr                                       gcc/uip.o
                                                  gcc/uip_arp.o
                                                  gcc/main.o
uip_flags                                         gcc/uip.o
                                                  gcc/dhcpc.o
                                                  gcc/httpd.o
uip_hostaddr                                      gcc/uip.o
                                                  gcc/dhcpc.o
                                                  gcc/uip_arp.o
                                                  gcc/main.o
uip_init                                          gcc/uip.o
                                                  gcc/main.o
uip_ipchksum                                      gcc/uip.o
uip_len                                           gcc/uip.o
                                                  gcc/dhcpc.o
                                                  gcc/uip_arp.o
                                                  gcc/main.o
uip_listen                                        gcc/uip.o
                                                  gcc/httpd.o
uip_listenports                                   gcc/uip.o
uip_netmask                                       gcc/uip.o
                                                  gcc/uip_arp.o
                                                  gcc/main.o
uip_process                                       gcc/uip.o
                                                  gcc/main.o
uip_sappdata                                      gcc/uip.o
uip_send                                          gcc/uip.o
                                                  gcc/dhcpc.o
                                                  gcc/httpd.o
uip_setipid                                       gcc/uip.o
uip_slen                                          gcc/uip.o
uip_stat                                          gcc/uip.o
uip_tcpchksum                                     gcc/uip.o
uip_udp_conn                                      gcc/uip.o
                                                  gcc/main.o
uip_udp_conns                                     gcc/uip.o
                                                  gcc/main.o
uip_udp_new                                       gcc/uip.o
                                                  gcc/dhcpc.o
uip_unlisten                                      gcc/uip.o
ulocaltime                                        gcc/ustdlib.o
usnprintf                                         gcc/ustdlib.o
usprintf                                          gcc/ustdlib.o
                                                  gcc/main.o
ustrcasecmp                                       gcc/ustdlib.o
ustrnicmp                                         gcc/ustdlib.o
ustrstr                                           gcc/ustdlib.o
ustrtoul                                          gcc/ustdlib.o
uvsnprintf                                        gcc/ustdlib.o
