Archive member included because of file (symbol)

c:/winavr/bin/../lib/gcc/avr/4.3.2/avr5\libgcc.a(_udivmodhi4.o)
                              ./main.o (__udivmodhi4)
c:/winavr/bin/../lib/gcc/avr/4.3.2/avr5\libgcc.a(_divmodhi4.o)
                              ./ds18x20.o (__divmodhi4)
c:/winavr/bin/../lib/gcc/avr/4.3.2/avr5\libgcc.a(_prologue.o)
                              ./ds18x20.o (__prologue_saves__)
c:/winavr/bin/../lib/gcc/avr/4.3.2/avr5\libgcc.a(_epilogue.o)
                              ./ds18x20.o (__epilogue_restores__)
c:/winavr/bin/../lib/gcc/avr/4.3.2/avr5\libgcc.a(_exit.o)
                              c:/winavr/bin/../lib/gcc/avr/4.3.2/../../../../avr/lib/avr5/crtm16.o (exit)
c:/winavr/bin/../lib/gcc/avr/4.3.2/avr5\libgcc.a(_copy_data.o)
                              ./ds18x20.o (__do_copy_data)
c:/winavr/bin/../lib/gcc/avr/4.3.2/avr5\libgcc.a(_clear_bss.o)
                              ./main.o (__do_clear_bss)
c:/winavr/bin/../lib/gcc/avr/4.3.2/../../../../avr/lib/avr5\libc.a(strcmp.o)
                              ./main.o (strcmp)
c:/winavr/bin/../lib/gcc/avr/4.3.2/../../../../avr/lib/avr5\libc.a(eerd_word.o)
                              ./main.o (__eerd_word)
c:/winavr/bin/../lib/gcc/avr/4.3.2/../../../../avr/lib/avr5\libc.a(itoa.o)
                              ./lcd.o (itoa)
c:/winavr/bin/../lib/gcc/avr/4.3.2/../../../../avr/lib/avr5\libc.a(sprintf.o)
                              ./main.o (sprintf)
c:/winavr/bin/../lib/gcc/avr/4.3.2/../../../../avr/lib/avr5\libc.a(vfprintf_std.o)
                              c:/winavr/bin/../lib/gcc/avr/4.3.2/../../../../avr/lib/avr5\libc.a(sprintf.o) (vfprintf)
c:/winavr/bin/../lib/gcc/avr/4.3.2/../../../../avr/lib/avr5\libc.a(strnlen_P.o)
                              c:/winavr/bin/../lib/gcc/avr/4.3.2/../../../../avr/lib/avr5\libc.a(vfprintf_std.o) (strnlen_P)
c:/winavr/bin/../lib/gcc/avr/4.3.2/../../../../avr/lib/avr5\libc.a(strnlen.o)
                              c:/winavr/bin/../lib/gcc/avr/4.3.2/../../../../avr/lib/avr5\libc.a(vfprintf_std.o) (strnlen)
c:/winavr/bin/../lib/gcc/avr/4.3.2/../../../../avr/lib/avr5\libc.a(strrev.o)
                              c:/winavr/bin/../lib/gcc/avr/4.3.2/../../../../avr/lib/avr5\libc.a(itoa.o) (strrev)
c:/winavr/bin/../lib/gcc/avr/4.3.2/../../../../avr/lib/avr5\libc.a(fputc.o)
                              c:/winavr/bin/../lib/gcc/avr/4.3.2/../../../../avr/lib/avr5\libc.a(vfprintf_std.o) (fputc)
c:/winavr/bin/../lib/gcc/avr/4.3.2/../../../../avr/lib/avr5\libc.a(ultoa_invert.o)
                              c:/winavr/bin/../lib/gcc/avr/4.3.2/../../../../avr/lib/avr5\libc.a(vfprintf_std.o) (__ultoa_invert)

Allocating common symbols
Common symbol       size              file

OW_OUT              0x2               ./onewire.o
OW_PIN_MASK         0x1               ./onewire.o
alarm_message       0x21              ./main.o
OW_IN               0x2               ./onewire.o
lcd_buffer          0x21              ./main.o
OW_DDR              0x2               ./onewire.o
ds18b20_buffer      0x10              ./main.o
gSensorIDs          0x28              ./main.o

Discarded input sections

 .data          0x00000000        0x0 c:/winavr/bin/../lib/gcc/avr/4.3.2/../../../../avr/lib/avr5/crtm16.o
 .bss           0x00000000        0x0 c:/winavr/bin/../lib/gcc/avr/4.3.2/../../../../avr/lib/avr5/crtm16.o
 .text          0x00000000        0x0 ./crc8.o
 .data          0x00000000        0x0 ./crc8.o
 .bss           0x00000000        0x0 ./crc8.o
 .text          0x00000000        0x0 ./delay.o
 .data          0x00000000        0x0 ./delay.o
 .bss           0x00000000        0x0 ./delay.o
 .text          0x00000000        0x0 ./ds18x20.o
 .data          0x00000000        0x0 ./ds18x20.o
 .bss           0x00000000        0x0 ./ds18x20.o
 .text.DS18X20_temp_cmp
                0x00000000        0x0 ./ds18x20.o
 .text.DS18X20_read_meas_single
                0x00000000        0x0 ./ds18x20.o
 .text.DS18X20_get_power_status
                0x00000000        0x0 ./ds18x20.o
 .text          0x00000000        0x0 ./lcd.o
 .data          0x00000000        0x0 ./lcd.o
 .bss           0x00000000        0x0 ./lcd.o
 .text.lcd_send_cmd
                0x00000000        0x0 ./lcd.o
 .text.lcd_send_char
                0x00000000        0x0 ./lcd.o
 .text.lcd_puts2
                0x00000000        0x0 ./lcd.o
 .text.lcd_puthex_nibble
                0x00000000        0x0 ./lcd.o
 .text.lcd_puthex_byte
                0x00000000        0x0 ./lcd.o
 .text.lcd_strobe_E
                0x00000000        0x0 ./lcd.o
 .text.lcd_puts_table
                0x00000000        0x0 ./lcd.o
 .text.lcd_move_cursor
                0x00000000        0x0 ./lcd.o
 .text.lcd_inc_cursor
                0x00000000        0x0 ./lcd.o
 .text.lcd_dec_cursor
                0x00000000        0x0 ./lcd.o
 .text.lcd_puti
                0x00000000        0x0 ./lcd.o
 .text          0x00000000        0x0 ./main.o
 .bss           0x00000000        0x0 ./main.o
 .text.led_on   0x00000000        0x0 ./main.o
 .text.led_off  0x00000000        0x0 ./main.o
 .text.init_ports
                0x00000000        0x0 ./main.o
 .text.init_interrupt
                0x00000000        0x0 ./main.o
 .text          0x00000000        0x0 ./onewire.o
 .data          0x00000000        0x0 ./onewire.o
 .bss           0x00000000        0x0 ./onewire.o
 .text.ow_parasite_disable
                0x00000000        0x0 ./onewire.o
 .text          0x00000000        0x0 ./uart.o
 .data          0x00000000        0x0 ./uart.o
 .bss           0x00000000        0x0 ./uart.o
 .text.uart_init
                0x00000000        0x0 ./uart.o
 .text.uart_getc
                0x00000000        0x0 ./uart.o
 .text.uart_putc
                0x00000000        0x0 ./uart.o
 .text.uart_puts
                0x00000000        0x0 ./uart.o
 .text.uart_puts_p
                0x00000000        0x0 ./uart.o
 .text.uart_puthex_nibble
                0x00000000        0x0 ./uart.o
 .text.uart_puthex_byte
                0x00000000        0x0 ./uart.o
 .text.uart_puti
                0x00000000        0x0 ./uart.o
 .text          0x00000000        0x0 c:/winavr/bin/../lib/gcc/avr/4.3.2/avr5\libgcc.a(_udivmodhi4.o)
 .data          0x00000000        0x0 c:/winavr/bin/../lib/gcc/avr/4.3.2/avr5\libgcc.a(_udivmodhi4.o)
 .bss           0x00000000        0x0 c:/winavr/bin/../lib/gcc/avr/4.3.2/avr5\libgcc.a(_udivmodhi4.o)
 .text          0x00000000        0x0 c:/winavr/bin/../lib/gcc/avr/4.3.2/avr5\libgcc.a(_divmodhi4.o)
 .data          0x00000000        0x0 c:/winavr/bin/../lib/gcc/avr/4.3.2/avr5\libgcc.a(_divmodhi4.o)
 .bss           0x00000000        0x0 c:/winavr/bin/../lib/gcc/avr/4.3.2/avr5\libgcc.a(_divmodhi4.o)
 .text          0x00000000        0x0 c:/winavr/bin/../lib/gcc/avr/4.3.2/avr5\libgcc.a(_prologue.o)
 .data          0x00000000        0x0 c:/winavr/bin/../lib/gcc/avr/4.3.2/avr5\libgcc.a(_prologue.o)
 .bss           0x00000000        0x0 c:/winavr/bin/../lib/gcc/avr/4.3.2/avr5\libgcc.a(_prologue.o)
 .text          0x00000000        0x0 c:/winavr/bin/../lib/gcc/avr/4.3.2/avr5\libgcc.a(_epilogue.o)
 .data          0x00000000        0x0 c:/winavr/bin/../lib/gcc/avr/4.3.2/avr5\libgcc.a(_epilogue.o)
 .bss           0x00000000        0x0 c:/winavr/bin/../lib/gcc/avr/4.3.2/avr5\libgcc.a(_epilogue.o)
 .text          0x00000000        0x0 c:/winavr/bin/../lib/gcc/avr/4.3.2/avr5\libgcc.a(_exit.o)
 .data          0x00000000        0x0 c:/winavr/bin/../lib/gcc/avr/4.3.2/avr5\libgcc.a(_exit.o)
 .bss           0x00000000        0x0 c:/winavr/bin/../lib/gcc/avr/4.3.2/avr5\libgcc.a(_exit.o)
 .text.libgcc   0x00000000        0x0 c:/winavr/bin/../lib/gcc/avr/4.3.2/avr5\libgcc.a(_exit.o)
 .text          0x00000000        0x0 c:/winavr/bin/../lib/gcc/avr/4.3.2/avr5\libgcc.a(_copy_data.o)
 .data          0x00000000        0x0 c:/winavr/bin/../lib/gcc/avr/4.3.2/avr5\libgcc.a(_copy_data.o)
 .bss           0x00000000        0x0 c:/winavr/bin/../lib/gcc/avr/4.3.2/avr5\libgcc.a(_copy_data.o)
 .text.libgcc   0x00000000        0x0 c:/winavr/bin/../lib/gcc/avr/4.3.2/avr5\libgcc.a(_copy_data.o)
 .text          0x00000000        0x0 c:/winavr/bin/../lib/gcc/avr/4.3.2/avr5\libgcc.a(_clear_bss.o)
 .data          0x00000000        0x0 c:/winavr/bin/../lib/gcc/avr/4.3.2/avr5\libgcc.a(_clear_bss.o)
 .bss           0x00000000        0x0 c:/winavr/bin/../lib/gcc/avr/4.3.2/avr5\libgcc.a(_clear_bss.o)
 .text.libgcc   0x00000000        0x0 c:/winavr/bin/../lib/gcc/avr/4.3.2/avr5\libgcc.a(_clear_bss.o)
 .data          0x00000000        0x0 c:/winavr/bin/../lib/gcc/avr/4.3.2/../../../../avr/lib/avr5\libc.a(strcmp.o)
 .bss           0x00000000        0x0 c:/winavr/bin/../lib/gcc/avr/4.3.2/../../../../avr/lib/avr5\libc.a(strcmp.o)
 .data          0x00000000        0x0 c:/winavr/bin/../lib/gcc/avr/4.3.2/../../../../avr/lib/avr5\libc.a(eerd_word.o)
 .bss           0x00000000        0x0 c:/winavr/bin/../lib/gcc/avr/4.3.2/../../../../avr/lib/avr5\libc.a(eerd_word.o)
 .data          0x00000000        0x0 c:/winavr/bin/../lib/gcc/avr/4.3.2/../../../../avr/lib/avr5\libc.a(itoa.o)
 .bss           0x00000000        0x0 c:/winavr/bin/../lib/gcc/avr/4.3.2/../../../../avr/lib/avr5\libc.a(itoa.o)
 .data          0x00000000        0x0 c:/winavr/bin/../lib/gcc/avr/4.3.2/../../../../avr/lib/avr5\libc.a(sprintf.o)
 .bss           0x00000000        0x0 c:/winavr/bin/../lib/gcc/avr/4.3.2/../../../../avr/lib/avr5\libc.a(sprintf.o)
 .data          0x00000000        0x0 c:/winavr/bin/../lib/gcc/avr/4.3.2/../../../../avr/lib/avr5\libc.a(vfprintf_std.o)
 .bss           0x00000000        0x0 c:/winavr/bin/../lib/gcc/avr/4.3.2/../../../../avr/lib/avr5\libc.a(vfprintf_std.o)
 .data          0x00000000        0x0 c:/winavr/bin/../lib/gcc/avr/4.3.2/../../../../avr/lib/avr5\libc.a(strnlen_P.o)
 .bss           0x00000000        0x0 c:/winavr/bin/../lib/gcc/avr/4.3.2/../../../../avr/lib/avr5\libc.a(strnlen_P.o)
 .data          0x00000000        0x0 c:/winavr/bin/../lib/gcc/avr/4.3.2/../../../../avr/lib/avr5\libc.a(strnlen.o)
 .bss           0x00000000        0x0 c:/winavr/bin/../lib/gcc/avr/4.3.2/../../../../avr/lib/avr5\libc.a(strnlen.o)
 .data          0x00000000        0x0 c:/winavr/bin/../lib/gcc/avr/4.3.2/../../../../avr/lib/avr5\libc.a(strrev.o)
 .bss           0x00000000        0x0 c:/winavr/bin/../lib/gcc/avr/4.3.2/../../../../avr/lib/avr5\libc.a(strrev.o)
 .data          0x00000000        0x0 c:/winavr/bin/../lib/gcc/avr/4.3.2/../../../../avr/lib/avr5\libc.a(fputc.o)
 .bss           0x00000000        0x0 c:/winavr/bin/../lib/gcc/avr/4.3.2/../../../../avr/lib/avr5\libc.a(fputc.o)
 .data          0x00000000        0x0 c:/winavr/bin/../lib/gcc/avr/4.3.2/../../../../avr/lib/avr5\libc.a(ultoa_invert.o)
 .bss           0x00000000        0x0 c:/winavr/bin/../lib/gcc/avr/4.3.2/../../../../avr/lib/avr5\libc.a(ultoa_invert.o)

Memory Configuration

Name             Origin             Length             Attributes
text             0x00000000         0x00020000         xr
data             0x00800060         0x0000ffa0         rw !x
eeprom           0x00810000         0x00010000         rw !x
fuse             0x00820000         0x00000400         rw !x
lock             0x00830000         0x00000400         rw !x
signature        0x00840000         0x00000400         rw !x
*default*        0x00000000         0xffffffff

Linker script and memory map

LOAD c:/winavr/bin/../lib/gcc/avr/4.3.2/../../../../avr/lib/avr5/crtm16.o
LOAD ./crc8.o
LOAD ./delay.o
LOAD ./ds18x20.o
LOAD ./lcd.o
LOAD ./main.o
LOAD ./onewire.o
LOAD ./uart.o
LOAD c:/winavr/bin/../lib/gcc/avr/4.3.2/avr5\libgcc.a
LOAD c:/winavr/bin/../lib/gcc/avr/4.3.2/../../../../avr/lib/avr5\libm.a
LOAD c:/winavr/bin/../lib/gcc/avr/4.3.2/avr5\libgcc.a
LOAD c:/winavr/bin/../lib/gcc/avr/4.3.2/../../../../avr/lib/avr5\libc.a
LOAD c:/winavr/bin/../lib/gcc/avr/4.3.2/avr5\libgcc.a

.hash
 *(.hash)

.dynsym
 *(.dynsym)

.dynstr
 *(.dynstr)

.gnu.version
 *(.gnu.version)

.gnu.version_d
 *(.gnu.version_d)

.gnu.version_r
 *(.gnu.version_r)

.rel.init
 *(.rel.init)

.rela.init
 *(.rela.init)

.rel.text
 *(.rel.text)
 *(.rel.text.*)
 *(.rel.gnu.linkonce.t*)

.rela.text
 *(.rela.text)
 *(.rela.text.*)
 *(.rela.gnu.linkonce.t*)

.rel.fini
 *(.rel.fini)

.rela.fini
 *(.rela.fini)

.rel.rodata
 *(.rel.rodata)
 *(.rel.rodata.*)
 *(.rel.gnu.linkonce.r*)

.rela.rodata
 *(.rela.rodata)
 *(.rela.rodata.*)
 *(.rela.gnu.linkonce.r*)

.rel.data
 *(.rel.data)
 *(.rel.data.*)
 *(.rel.gnu.linkonce.d*)

.rela.data
 *(.rela.data)
 *(.rela.data.*)
 *(.rela.gnu.linkonce.d*)

.rel.ctors
 *(.rel.ctors)

.rela.ctors
 *(.rela.ctors)

.rel.dtors
 *(.rel.dtors)

.rela.dtors
 *(.rela.dtors)

.rel.got
 *(.rel.got)

.rela.got
 *(.rela.got)

.rel.bss
 *(.rel.bss)

.rela.bss
 *(.rela.bss)

.rel.plt
 *(.rel.plt)

.rela.plt
 *(.rela.plt)

.text           0x00000000     0x1714
 *(.vectors)
 .vectors       0x00000000       0x54 c:/winavr/bin/../lib/gcc/avr/4.3.2/../../../../avr/lib/avr5/crtm16.o
                0x00000000                __vectors
                0x00000000                __vector_default
 *(.vectors)
 *(.progmem.gcc*)
 *(.progmem*)
                0x00000054                . = ALIGN (0x2)
                0x00000054                __trampolines_start = .
 *(.trampolines)
 .trampolines   0x00000054        0x0 linker stubs
 *(.trampolines*)
                0x00000054                __trampolines_end = .
 *(.jumptables)
 *(.jumptables*)
 *(.lowtext)
 *(.lowtext*)
                0x00000054                __ctors_start = .
 *(.ctors)
                0x00000054                __ctors_end = .
                0x00000054                __dtors_start = .
 *(.dtors)
                0x00000054                __dtors_end = .
 SORT(*)(.ctors)
 SORT(*)(.dtors)
 *(.init0)
 .init0         0x00000054        0x0 c:/winavr/bin/../lib/gcc/avr/4.3.2/../../../../avr/lib/avr5/crtm16.o
                0x00000054                __init
 *(.init0)
 *(.init1)
 *(.init1)
 *(.init2)
 .init2         0x00000054        0xc c:/winavr/bin/../lib/gcc/avr/4.3.2/../../../../avr/lib/avr5/crtm16.o
 *(.init2)
 *(.init3)
 *(.init3)
 *(.init4)
 .init4         0x00000060       0x16 c:/winavr/bin/../lib/gcc/avr/4.3.2/avr5\libgcc.a(_copy_data.o)
                0x00000060                __do_copy_data
 .init4         0x00000076       0x10 c:/winavr/bin/../lib/gcc/avr/4.3.2/avr5\libgcc.a(_clear_bss.o)
                0x00000076                __do_clear_bss
 *(.init4)
 *(.init5)
 *(.init5)
 *(.init6)
 *(.init6)
 *(.init7)
 *(.init7)
 *(.init8)
 *(.init8)
 *(.init9)
 .init9         0x00000086        0x8 c:/winavr/bin/../lib/gcc/avr/4.3.2/../../../../avr/lib/avr5/crtm16.o
 *(.init9)
 *(.text)
 .text          0x0000008e        0x4 c:/winavr/bin/../lib/gcc/avr/4.3.2/../../../../avr/lib/avr5/crtm16.o
                0x0000008e                __vector_1
                0x0000008e                __bad_interrupt
                0x0000008e                __vector_6
                0x0000008e                __vector_3
                0x0000008e                __vector_13
                0x0000008e                __vector_17
                0x0000008e                __vector_19
                0x0000008e                __vector_7
                0x0000008e                __vector_5
                0x0000008e                __vector_4
                0x0000008e                __vector_9
                0x0000008e                __vector_2
                0x0000008e                __vector_15
                0x0000008e                __vector_14
                0x0000008e                __vector_10
                0x0000008e                __vector_16
                0x0000008e                __vector_18
                0x0000008e                __vector_20
 .text          0x00000092       0x12 c:/winavr/bin/../lib/gcc/avr/4.3.2/../../../../avr/lib/avr5\libc.a(strcmp.o)
                0x00000092                strcmp
 .text          0x000000a4       0x2c c:/winavr/bin/../lib/gcc/avr/4.3.2/../../../../avr/lib/avr5\libc.a(eerd_word.o)
                0x000000a4                __eerd_word
 .text          0x000000d0       0x42 c:/winavr/bin/../lib/gcc/avr/4.3.2/../../../../avr/lib/avr5\libc.a(itoa.o)
                0x000000d0                itoa
 .text          0x00000112       0x48 c:/winavr/bin/../lib/gcc/avr/4.3.2/../../../../avr/lib/avr5\libc.a(sprintf.o)
                0x00000112                sprintf
 .text          0x0000015a      0x3ba c:/winavr/bin/../lib/gcc/avr/4.3.2/../../../../avr/lib/avr5\libc.a(vfprintf_std.o)
                0x0000015a                vfprintf
 .text          0x00000514       0x16 c:/winavr/bin/../lib/gcc/avr/4.3.2/../../../../avr/lib/avr5\libc.a(strnlen_P.o)
                0x00000514                strnlen_P
 .text          0x0000052a       0x16 c:/winavr/bin/../lib/gcc/avr/4.3.2/../../../../avr/lib/avr5\libc.a(strnlen.o)
                0x0000052a                strnlen
 .text          0x00000540       0x20 c:/winavr/bin/../lib/gcc/avr/4.3.2/../../../../avr/lib/avr5\libc.a(strrev.o)
                0x00000540                strrev
 .text          0x00000560       0x58 c:/winavr/bin/../lib/gcc/avr/4.3.2/../../../../avr/lib/avr5\libc.a(fputc.o)
                0x00000560                fputc
 .text          0x000005b8       0xbc c:/winavr/bin/../lib/gcc/avr/4.3.2/../../../../avr/lib/avr5\libc.a(ultoa_invert.o)
                0x000005b8                __ultoa_invert
                0x00000674                . = ALIGN (0x2)
 *(.text.*)
 .text.crc8     0x00000674       0x40 ./crc8.o
                0x00000674                crc8
 .text.delayloop32
                0x000006b4       0x1a ./delay.o
                0x000006b4                delayloop32
 .text.DS18X20_meas_to_cel
                0x000006ce       0xa0 ./ds18x20.o
                0x000006ce                DS18X20_meas_to_cel
 .text.DS18X20_temp_to_decicel
                0x0000076e       0x7c ./ds18x20.o
                0x0000076e                DS18X20_temp_to_decicel
 .text.DS18X20_read_meas
                0x000007ea       0x74 ./ds18x20.o
                0x000007ea                DS18X20_read_meas
 .text.DS18X20_start_meas
                0x0000085e       0x34 ./ds18x20.o
                0x0000085e                DS18X20_start_meas
 .text.DS18X20_find_sensor
                0x00000892       0x34 ./ds18x20.o
                0x00000892                DS18X20_find_sensor
 .text.lcd_backlight
                0x000008c6        0xc ./lcd.o
                0x000008c6                lcd_backlight
 .text.lcd_load_byte
                0x000008d2       0x24 ./lcd.o
                0x000008d2                lcd_load_byte
 .text.lcd_initialize
                0x000008f6       0xe2 ./lcd.o
                0x000008f6                lcd_initialize
 .text.lcd_putc
                0x000009d8       0x24 ./lcd.o
                0x000009d8                lcd_putc
 .text.lcd_putc2
                0x000009fc       0x14 ./lcd.o
                0x000009fc                lcd_putc2
 .text.lcd_puts
                0x00000a10       0x1a ./lcd.o
                0x00000a10                lcd_puts
 .text.lcd_clear
                0x00000a2a       0x16 ./lcd.o
                0x00000a2a                lcd_clear
 .text.lcd_cursor_home
                0x00000a40       0x16 ./lcd.o
                0x00000a40                lcd_cursor_home
 .text.lcd_cursor_line2
                0x00000a56       0x16 ./lcd.o
                0x00000a56                lcd_cursor_line2
 .text.eeprom_read_byte
                0x00000a6c       0x10 ./main.o
 .text.get_key  0x00000a7c       0x96 ./main.o
                0x00000a7c                get_key
 .text.temp_compare
                0x00000b12      0x1fa ./main.o
                0x00000b12                temp_compare
 .text.__vector_8
                0x00000d0c       0xaa ./main.o
                0x00000d0c                __vector_8
 .text.init_main
                0x00000db6       0x2c ./main.o
                0x00000db6                init_main
 .text.lcd_put_temp
                0x00000de2      0x10e ./main.o
                0x00000de2                lcd_put_temp
 .text.temp_convert
                0x00000ef0       0x4a ./main.o
                0x00000ef0                temp_convert
 .text.search_sensors
                0x00000f3a       0xf6 ./main.o
                0x00000f3a                search_sensors
 .text.read_temp
                0x00001030       0xe2 ./main.o
                0x00001030                read_temp
 .text.ds18x20_search_id
                0x00001112      0x15e ./main.o
                0x00001112                ds18x20_search_id
 .text.main     0x00001270       0xda ./main.o
                0x00001270                main
 .text.ow_input_pin_state
                0x0000134a       0x12 ./onewire.o
                0x0000134a                ow_input_pin_state
 .text.ow_parasite_enable
                0x0000135c       0x26 ./onewire.o
                0x0000135c                ow_parasite_enable
 .text.ow_reset
                0x00001382       0x88 ./onewire.o
                0x00001382                ow_reset
 .text.ow_set_bus
                0x0000140a       0x30 ./onewire.o
                0x0000140a                ow_set_bus
 .text.ow_bit_io
                0x0000143a       0x84 ./onewire.o
                0x0000143a                ow_bit_io
 .text.ow_byte_wr
                0x000014be       0x22 ./onewire.o
                0x000014be                ow_byte_wr
 .text.ow_byte_rd
                0x000014e0        0x8 ./onewire.o
                0x000014e0                ow_byte_rd
 .text.ow_rom_search
                0x000014e8       0x90 ./onewire.o
                0x000014e8                ow_rom_search
 .text.ow_command
                0x00001578       0x3e ./onewire.o
                0x00001578                ow_command
 .text.__vector_11
                0x000015b6       0x54 ./uart.o
                0x000015b6                __vector_11
 .text.__vector_12
                0x0000160a       0x4a ./uart.o
                0x0000160a                __vector_12
 .text.libgcc   0x00001654       0x28 c:/winavr/bin/../lib/gcc/avr/4.3.2/avr5\libgcc.a(_udivmodhi4.o)
                0x00001654                __udivmodhi4
 .text.libgcc   0x0000167c       0x26 c:/winavr/bin/../lib/gcc/avr/4.3.2/avr5\libgcc.a(_divmodhi4.o)
                0x0000167c                __divmodhi4
                0x0000167c                _div
 .text.libgcc   0x000016a2       0x38 c:/winavr/bin/../lib/gcc/avr/4.3.2/avr5\libgcc.a(_prologue.o)
                0x000016a2                __prologue_saves__
 .text.libgcc   0x000016da       0x36 c:/winavr/bin/../lib/gcc/avr/4.3.2/avr5\libgcc.a(_epilogue.o)
                0x000016da                __epilogue_restores__
                0x00001710                . = ALIGN (0x2)
 *(.fini9)
 .fini9         0x00001710        0x0 c:/winavr/bin/../lib/gcc/avr/4.3.2/avr5\libgcc.a(_exit.o)
                0x00001710                exit
                0x00001710                _exit
 *(.fini9)
 *(.fini8)
 *(.fini8)
 *(.fini7)
 *(.fini7)
 *(.fini6)
 *(.fini6)
 *(.fini5)
 *(.fini5)
 *(.fini4)
 *(.fini4)
 *(.fini3)
 *(.fini3)
 *(.fini2)
 *(.fini2)
 *(.fini1)
 *(.fini1)
 *(.fini0)
 .fini0         0x00001710        0x4 c:/winavr/bin/../lib/gcc/avr/4.3.2/avr5\libgcc.a(_exit.o)
 *(.fini0)
                0x00001714                _etext = .

.data           0x00800060      0x11c load address 0x00001714
                0x00800060                PROVIDE (__data_start, .)
 *(.data)
 .data          0x00800060       0x91 ./main.o
 *(.data*)
 .data.kb418_id
                0x008000f1        0x1 ./main.o
                0x008000f1                kb418_id
 .data.kb422_id
                0x008000f2        0x1 ./main.o
                0x008000f2                kb422_id
 .data.kb225_id
                0x008000f3        0x1 ./main.o
                0x008000f3                kb225_id
 *(.rodata)
 *(.rodata*)
 .rodata.C.1.1421
                0x008000f4        0x8 ./ds18x20.o
 .rodata.TabWin
                0x008000fc       0x80 ./lcd.o
                0x008000fc                TabWin
 *(.gnu.linkonce.d*)
                0x0080017c                . = ALIGN (0x2)
                0x0080017c                _edata = .
                0x0080017c                PROVIDE (__data_end, .)

.bss            0x0080017c       0xd9
                0x0080017c                PROVIDE (__bss_start, .)
 *(.bss)
 *(.bss*)
 .bss.timer1    0x0080017c        0x2 ./main.o
                0x0080017c                timer1
 .bss.alert     0x0080017e        0x2 ./main.o
                0x0080017e                alert
 .bss.beep_off  0x00800180        0x2 ./main.o
                0x00800180                beep_off
 .bss.key_pressed
                0x00800182        0x2 ./main.o
                0x00800182                key_pressed
 .bss.kb418     0x00800184        0x2 ./main.o
                0x00800184                kb418
 .bss.kb422     0x00800186        0x2 ./main.o
                0x00800186                kb422
 .bss.kb225     0x00800188        0x2 ./main.o
                0x00800188                kb225
 .bss.kb418_alarm
                0x0080018a        0x1 ./main.o
                0x0080018a                kb418_alarm
 .bss.kb422_alarm
                0x0080018b        0x1 ./main.o
                0x0080018b                kb422_alarm
 .bss.kb225_alarm
                0x0080018c        0x1 ./main.o
                0x0080018c                kb225_alarm
 .bss.nSensors  0x0080018d        0x1 ./main.o
                0x0080018d                nSensors
 .bss.repeat.2007
                0x0080018e        0x1 ./main.o
 .bss.UART_TxBuf
                0x0080018f       0x20 ./uart.o
 .bss.UART_RxBuf
                0x008001af       0x20 ./uart.o
 .bss.UART_TxHead
                0x008001cf        0x1 ./uart.o
 .bss.UART_TxTail
                0x008001d0        0x1 ./uart.o
 .bss.UART_RxHead
                0x008001d1        0x1 ./uart.o
 .bss.UART_RxTail
                0x008001d2        0x1 ./uart.o
 .bss.UART_LastRxError
                0x008001d3        0x1 ./uart.o
 *(COMMON)
 COMMON         0x008001d4       0x7a ./main.o
                0x008001d4                alarm_message
                0x008001f5                lcd_buffer
                0x00800216                ds18b20_buffer
                0x00800226                gSensorIDs
 COMMON         0x0080024e        0x7 ./onewire.o
                0x0080024e                OW_OUT
                0x00800250                OW_PIN_MASK
                0x00800251                OW_IN
                0x00800253                OW_DDR
                0x00800255                PROVIDE (__bss_end, .)
                0x00001714                __data_load_start = LOADADDR (.data)
                0x00001830                __data_load_end = (__data_load_start + SIZEOF (.data))

.noinit         0x00800255        0x0
                0x00800255                PROVIDE (__noinit_start, .)
 *(.noinit*)
                0x00800255                PROVIDE (__noinit_end, .)
                0x00800255                _end = .
                0x00800255                PROVIDE (__heap_start, .)

.eeprom         0x00810000       0x32
 *(.eeprom*)
 .eeprom        0x00810000       0x32 ./main.o
                0x00810002                kb418_rom
                0x00810012                kb422_rom
                0x00810022                kb225_rom
                0x00810000                max_temp
                0x00810032                __eeprom_end = .

.fuse
 *(.fuse)
 *(.lfuse)
 *(.hfuse)
 *(.efuse)

.lock
 *(.lock*)

.signature
 *(.signature*)

.stab
 *(.stab)

.stabstr
 *(.stabstr)

.stab.excl
 *(.stab.excl)

.stab.exclstr
 *(.stab.exclstr)

.stab.index
 *(.stab.index)

.stab.indexstr
 *(.stab.indexstr)

.comment
 *(.comment)

.debug
 *(.debug)

.line
 *(.line)

.debug_srcinfo
 *(.debug_srcinfo)

.debug_sfnames
 *(.debug_sfnames)

.debug_aranges  0x00000000      0x2b0
 *(.debug_aranges)
 .debug_aranges
                0x00000000       0x20 ./crc8.o
 .debug_aranges
                0x00000020       0x20 ./delay.o
 .debug_aranges
                0x00000040       0x58 ./ds18x20.o
 .debug_aranges
                0x00000098       0xb8 ./lcd.o
 .debug_aranges
                0x00000150       0x90 ./main.o
 .debug_aranges
                0x000001e0       0x68 ./onewire.o
 .debug_aranges
                0x00000248       0x68 ./uart.o

.debug_pubnames
                0x00000000      0x64a
 *(.debug_pubnames)
 .debug_pubnames
                0x00000000       0x1b ./crc8.o
 .debug_pubnames
                0x0000001b       0x22 ./delay.o
 .debug_pubnames
                0x0000003d       0xda ./ds18x20.o
 .debug_pubnames
                0x00000117      0x179 ./lcd.o
 .debug_pubnames
                0x00000290      0x215 ./main.o
 .debug_pubnames
                0x000004a5       0xf1 ./onewire.o
 .debug_pubnames
                0x00000596       0xb4 ./uart.o

.debug_info     0x00000000     0x250a
 *(.debug_info)
 .debug_info    0x00000000      0x104 ./crc8.o
 .debug_info    0x00000104       0x91 ./delay.o
 .debug_info    0x00000195      0x3b5 ./ds18x20.o
 .debug_info    0x0000054a      0xe24 ./lcd.o
 .debug_info    0x0000136e      0x8e7 ./main.o
 .debug_info    0x00001c55      0x39b ./onewire.o
 .debug_info    0x00001ff0      0x51a ./uart.o
 *(.gnu.linkonce.wi.*)

.debug_abbrev   0x00000000      0xa32
 *(.debug_abbrev)
 .debug_abbrev  0x00000000       0xa6 ./crc8.o
 .debug_abbrev  0x000000a6       0x5d ./delay.o
 .debug_abbrev  0x00000103      0x154 ./ds18x20.o
 .debug_abbrev  0x00000257      0x22f ./lcd.o
 .debug_abbrev  0x00000486      0x26c ./main.o
 .debug_abbrev  0x000006f2      0x155 ./onewire.o
 .debug_abbrev  0x00000847      0x1eb ./uart.o

.debug_line     0x00000000     0x1c7e
 *(.debug_line)
 .debug_line    0x00000000      0x102 ./crc8.o
 .debug_line    0x00000102       0xa1 ./delay.o
 .debug_line    0x000001a3      0x306 ./ds18x20.o
 .debug_line    0x000004a9      0x7d3 ./lcd.o
 .debug_line    0x00000c7c      0x85a ./main.o
 .debug_line    0x000014d6      0x39c ./onewire.o
 .debug_line    0x00001872      0x40c ./uart.o

.debug_frame    0x00000000      0x480
 *(.debug_frame)
 .debug_frame   0x00000000       0x20 ./crc8.o
 .debug_frame   0x00000020       0x20 ./delay.o
 .debug_frame   0x00000040       0x90 ./ds18x20.o
 .debug_frame   0x000000d0      0x150 ./lcd.o
 .debug_frame   0x00000220      0x100 ./main.o
 .debug_frame   0x00000320       0xb0 ./onewire.o
 .debug_frame   0x000003d0       0xb0 ./uart.o

.debug_str      0x00000000      0x75c
 *(.debug_str)
 .debug_str     0x00000000       0xce ./crc8.o
                                0x102 (size before relaxing)
 .debug_str     0x000000ce       0x26 ./delay.o
                                 0xbf (size before relaxing)
 .debug_str     0x000000f4      0x118 ./ds18x20.o
                                0x1db (size before relaxing)
 .debug_str     0x0000020c      0x1b1 ./lcd.o
                                0x267 (size before relaxing)
 .debug_str     0x000003bd      0x1bd ./main.o
                                0x2cd (size before relaxing)
 .debug_str     0x0000057a       0xcf ./onewire.o
                                0x18c (size before relaxing)
 .debug_str     0x00000649      0x113 ./uart.o
                                0x1d7 (size before relaxing)

.debug_loc      0x00000000      0xf15
 *(.debug_loc)
 .debug_loc     0x00000000       0x46 ./crc8.o
 .debug_loc     0x00000046       0x34 ./delay.o
 .debug_loc     0x0000007a      0x3a2 ./ds18x20.o
 .debug_loc     0x0000041c      0x332 ./lcd.o
 .debug_loc     0x0000074e      0x305 ./main.o
 .debug_loc     0x00000a53      0x277 ./onewire.o
 .debug_loc     0x00000cca      0x24b ./uart.o

.debug_macinfo
 *(.debug_macinfo)
OUTPUT(avr-test.elf elf32-avr)
LOAD linker stubs

.debug_ranges   0x00000000      0x500
 .debug_ranges  0x00000000       0x18 ./crc8.o
 .debug_ranges  0x00000018       0x18 ./delay.o
 .debug_ranges  0x00000030       0x50 ./ds18x20.o
 .debug_ranges  0x00000080      0x200 ./lcd.o
 .debug_ranges  0x00000280      0x160 ./main.o
 .debug_ranges  0x000003e0       0x60 ./onewire.o
 .debug_ranges  0x00000440       0xc0 ./uart.o

Cross Reference Table

Symbol                                            File
DS18X20_find_sensor                               ./ds18x20.o
                                                  ./main.o
DS18X20_get_power_status                          ./ds18x20.o
DS18X20_meas_to_cel                               ./ds18x20.o
DS18X20_read_meas                                 ./ds18x20.o
                                                  ./main.o
DS18X20_read_meas_single                          ./ds18x20.o
DS18X20_start_meas                                ./ds18x20.o
                                                  ./main.o
DS18X20_temp_cmp                                  ./ds18x20.o
DS18X20_temp_to_decicel                           ./ds18x20.o
                                                  ./main.o
OW_DDR                                            ./onewire.o
OW_IN                                             ./onewire.o
OW_OUT                                            ./onewire.o
OW_PIN_MASK                                       ./onewire.o
TabWin                                            ./lcd.o
__bad_interrupt                                   c:/winavr/bin/../lib/gcc/avr/4.3.2/../../../../avr/lib/avr5/crtm16.o
__bss_end                                         c:/winavr/bin/../lib/gcc/avr/4.3.2/avr5\libgcc.a(_clear_bss.o)
__bss_start                                       c:/winavr/bin/../lib/gcc/avr/4.3.2/avr5\libgcc.a(_clear_bss.o)
__data_end                                        c:/winavr/bin/../lib/gcc/avr/4.3.2/avr5\libgcc.a(_copy_data.o)
__data_load_start                                 c:/winavr/bin/../lib/gcc/avr/4.3.2/avr5\libgcc.a(_copy_data.o)
__data_start                                      c:/winavr/bin/../lib/gcc/avr/4.3.2/avr5\libgcc.a(_copy_data.o)
__divmodhi4                                       c:/winavr/bin/../lib/gcc/avr/4.3.2/avr5\libgcc.a(_divmodhi4.o)
                                                  ./ds18x20.o
__do_clear_bss                                    c:/winavr/bin/../lib/gcc/avr/4.3.2/avr5\libgcc.a(_clear_bss.o)
                                                  ./uart.o
                                                  ./onewire.o
                                                  ./main.o
__do_copy_data                                    c:/winavr/bin/../lib/gcc/avr/4.3.2/avr5\libgcc.a(_copy_data.o)
                                                  ./main.o
                                                  ./lcd.o
                                                  ./ds18x20.o
__eerd_word                                       c:/winavr/bin/../lib/gcc/avr/4.3.2/../../../../avr/lib/avr5\libc.a(eerd_word.o)
                                                  ./main.o
__epilogue_restores__                             c:/winavr/bin/../lib/gcc/avr/4.3.2/avr5\libgcc.a(_epilogue.o)
                                                  c:/winavr/bin/../lib/gcc/avr/4.3.2/../../../../avr/lib/avr5\libc.a(vfprintf_std.o)
                                                  c:/winavr/bin/../lib/gcc/avr/4.3.2/../../../../avr/lib/avr5\libc.a(sprintf.o)
                                                  ./uart.o
                                                  ./onewire.o
                                                  ./main.o
                                                  ./lcd.o
                                                  ./ds18x20.o
__heap_end                                        c:/winavr/bin/../lib/gcc/avr/4.3.2/../../../../avr/lib/avr5/crtm16.o
__init                                            c:/winavr/bin/../lib/gcc/avr/4.3.2/../../../../avr/lib/avr5/crtm16.o
__prologue_saves__                                c:/winavr/bin/../lib/gcc/avr/4.3.2/avr5\libgcc.a(_prologue.o)
                                                  c:/winavr/bin/../lib/gcc/avr/4.3.2/../../../../avr/lib/avr5\libc.a(vfprintf_std.o)
                                                  c:/winavr/bin/../lib/gcc/avr/4.3.2/../../../../avr/lib/avr5\libc.a(sprintf.o)
                                                  ./uart.o
                                                  ./onewire.o
                                                  ./main.o
                                                  ./lcd.o
                                                  ./ds18x20.o
__stack                                           c:/winavr/bin/../lib/gcc/avr/4.3.2/../../../../avr/lib/avr5/crtm16.o
__udivmodhi4                                      c:/winavr/bin/../lib/gcc/avr/4.3.2/avr5\libgcc.a(_udivmodhi4.o)
                                                  c:/winavr/bin/../lib/gcc/avr/4.3.2/../../../../avr/lib/avr5\libc.a(itoa.o)
                                                  c:/winavr/bin/../lib/gcc/avr/4.3.2/avr5\libgcc.a(_divmodhi4.o)
                                                  ./main.o
__ultoa_invert                                    c:/winavr/bin/../lib/gcc/avr/4.3.2/../../../../avr/lib/avr5\libc.a(ultoa_invert.o)
                                                  c:/winavr/bin/../lib/gcc/avr/4.3.2/../../../../avr/lib/avr5\libc.a(vfprintf_std.o)
__vector_1                                        c:/winavr/bin/../lib/gcc/avr/4.3.2/../../../../avr/lib/avr5/crtm16.o
__vector_10                                       c:/winavr/bin/../lib/gcc/avr/4.3.2/../../../../avr/lib/avr5/crtm16.o
__vector_11                                       ./uart.o
                                                  c:/winavr/bin/../lib/gcc/avr/4.3.2/../../../../avr/lib/avr5/crtm16.o
__vector_12                                       ./uart.o
                                                  c:/winavr/bin/../lib/gcc/avr/4.3.2/../../../../avr/lib/avr5/crtm16.o
__vector_13                                       c:/winavr/bin/../lib/gcc/avr/4.3.2/../../../../avr/lib/avr5/crtm16.o
__vector_14                                       c:/winavr/bin/../lib/gcc/avr/4.3.2/../../../../avr/lib/avr5/crtm16.o
__vector_15                                       c:/winavr/bin/../lib/gcc/avr/4.3.2/../../../../avr/lib/avr5/crtm16.o
__vector_16                                       c:/winavr/bin/../lib/gcc/avr/4.3.2/../../../../avr/lib/avr5/crtm16.o
__vector_17                                       c:/winavr/bin/../lib/gcc/avr/4.3.2/../../../../avr/lib/avr5/crtm16.o
__vector_18                                       c:/winavr/bin/../lib/gcc/avr/4.3.2/../../../../avr/lib/avr5/crtm16.o
__vector_19                                       c:/winavr/bin/../lib/gcc/avr/4.3.2/../../../../avr/lib/avr5/crtm16.o
__vector_2                                        c:/winavr/bin/../lib/gcc/avr/4.3.2/../../../../avr/lib/avr5/crtm16.o
__vector_20                                       c:/winavr/bin/../lib/gcc/avr/4.3.2/../../../../avr/lib/avr5/crtm16.o
__vector_3                                        c:/winavr/bin/../lib/gcc/avr/4.3.2/../../../../avr/lib/avr5/crtm16.o
__vector_4                                        c:/winavr/bin/../lib/gcc/avr/4.3.2/../../../../avr/lib/avr5/crtm16.o
__vector_5                                        c:/winavr/bin/../lib/gcc/avr/4.3.2/../../../../avr/lib/avr5/crtm16.o
__vector_6                                        c:/winavr/bin/../lib/gcc/avr/4.3.2/../../../../avr/lib/avr5/crtm16.o
__vector_7                                        c:/winavr/bin/../lib/gcc/avr/4.3.2/../../../../avr/lib/avr5/crtm16.o
__vector_8                                        ./main.o
                                                  c:/winavr/bin/../lib/gcc/avr/4.3.2/../../../../avr/lib/avr5/crtm16.o
__vector_9                                        c:/winavr/bin/../lib/gcc/avr/4.3.2/../../../../avr/lib/avr5/crtm16.o
__vector_default                                  c:/winavr/bin/../lib/gcc/avr/4.3.2/../../../../avr/lib/avr5/crtm16.o
__vectors                                         c:/winavr/bin/../lib/gcc/avr/4.3.2/../../../../avr/lib/avr5/crtm16.o
_div                                              c:/winavr/bin/../lib/gcc/avr/4.3.2/avr5\libgcc.a(_divmodhi4.o)
_exit                                             c:/winavr/bin/../lib/gcc/avr/4.3.2/avr5\libgcc.a(_exit.o)
alarm_message                                     ./main.o
alert                                             ./main.o
beep_off                                          ./main.o
crc8                                              ./crc8.o
                                                  ./ds18x20.o
delayloop32                                       ./delay.o
                                                  ./main.o
ds18b20_buffer                                    ./main.o
ds18x20_search_id                                 ./main.o
exit                                              c:/winavr/bin/../lib/gcc/avr/4.3.2/avr5\libgcc.a(_exit.o)
                                                  c:/winavr/bin/../lib/gcc/avr/4.3.2/../../../../avr/lib/avr5/crtm16.o
fputc                                             c:/winavr/bin/../lib/gcc/avr/4.3.2/../../../../avr/lib/avr5\libc.a(fputc.o)
                                                  c:/winavr/bin/../lib/gcc/avr/4.3.2/../../../../avr/lib/avr5\libc.a(vfprintf_std.o)
gSensorIDs                                        ./main.o
get_key                                           ./main.o
init_interrupt                                    ./main.o
init_main                                         ./main.o
init_ports                                        ./main.o
itoa                                              c:/winavr/bin/../lib/gcc/avr/4.3.2/../../../../avr/lib/avr5\libc.a(itoa.o)
                                                  ./uart.o
                                                  ./main.o
                                                  ./lcd.o
kb225                                             ./main.o
kb225_alarm                                       ./main.o
kb225_id                                          ./main.o
kb225_rom                                         ./main.o
kb418                                             ./main.o
kb418_alarm                                       ./main.o
kb418_id                                          ./main.o
kb418_rom                                         ./main.o
kb422                                             ./main.o
kb422_alarm                                       ./main.o
kb422_id                                          ./main.o
kb422_rom                                         ./main.o
key_pressed                                       ./main.o
lcd_backlight                                     ./lcd.o
                                                  ./main.o
lcd_buffer                                        ./main.o
lcd_clear                                         ./lcd.o
                                                  ./main.o
lcd_cursor_home                                   ./lcd.o
                                                  ./main.o
lcd_cursor_line2                                  ./lcd.o
                                                  ./main.o
lcd_dec_cursor                                    ./lcd.o
lcd_inc_cursor                                    ./lcd.o
lcd_initialize                                    ./lcd.o
                                                  ./main.o
lcd_load_byte                                     ./lcd.o
lcd_move_cursor                                   ./lcd.o
lcd_put_temp                                      ./main.o
lcd_putc                                          ./lcd.o
lcd_putc2                                         ./lcd.o
                                                  ./main.o
lcd_puthex_byte                                   ./lcd.o
lcd_puthex_nibble                                 ./lcd.o
lcd_puti                                          ./lcd.o
lcd_puts                                          ./lcd.o
                                                  ./main.o
lcd_puts2                                         ./lcd.o
lcd_puts_table                                    ./lcd.o
lcd_send_char                                     ./lcd.o
lcd_send_cmd                                      ./lcd.o
lcd_strobe_E                                      ./lcd.o
led_off                                           ./main.o
led_on                                            ./main.o
main                                              ./main.o
                                                  c:/winavr/bin/../lib/gcc/avr/4.3.2/../../../../avr/lib/avr5/crtm16.o
max_temp                                          ./main.o
nSensors                                          ./main.o
ow_bit_io                                         ./onewire.o
                                                  ./ds18x20.o
ow_byte_rd                                        ./onewire.o
                                                  ./ds18x20.o
ow_byte_wr                                        ./onewire.o
ow_command                                        ./onewire.o
                                                  ./ds18x20.o
ow_input_pin_state                                ./onewire.o
                                                  ./ds18x20.o
ow_parasite_disable                               ./onewire.o
ow_parasite_enable                                ./onewire.o
                                                  ./ds18x20.o
ow_reset                                          ./onewire.o
                                                  ./ds18x20.o
ow_rom_search                                     ./onewire.o
                                                  ./ds18x20.o
ow_set_bus                                        ./onewire.o
                                                  ./main.o
read_temp                                         ./main.o
search_sensors                                    ./main.o
sprintf                                           c:/winavr/bin/../lib/gcc/avr/4.3.2/../../../../avr/lib/avr5\libc.a(sprintf.o)
                                                  ./main.o
strcmp                                            c:/winavr/bin/../lib/gcc/avr/4.3.2/../../../../avr/lib/avr5\libc.a(strcmp.o)
                                                  ./main.o
strnlen                                           c:/winavr/bin/../lib/gcc/avr/4.3.2/../../../../avr/lib/avr5\libc.a(strnlen.o)
                                                  c:/winavr/bin/../lib/gcc/avr/4.3.2/../../../../avr/lib/avr5\libc.a(vfprintf_std.o)
strnlen_P                                         c:/winavr/bin/../lib/gcc/avr/4.3.2/../../../../avr/lib/avr5\libc.a(strnlen_P.o)
                                                  c:/winavr/bin/../lib/gcc/avr/4.3.2/../../../../avr/lib/avr5\libc.a(vfprintf_std.o)
strrev                                            c:/winavr/bin/../lib/gcc/avr/4.3.2/../../../../avr/lib/avr5\libc.a(strrev.o)
                                                  c:/winavr/bin/../lib/gcc/avr/4.3.2/../../../../avr/lib/avr5\libc.a(itoa.o)
temp_compare                                      ./main.o
temp_convert                                      ./main.o
timer1                                            ./main.o
uart_getc                                         ./uart.o
uart_init                                         ./uart.o
uart_putc                                         ./uart.o
uart_puthex_byte                                  ./uart.o
uart_puthex_nibble                                ./uart.o
uart_puti                                         ./uart.o
uart_puts                                         ./uart.o
uart_puts_p                                       ./uart.o
vfprintf                                          c:/winavr/bin/../lib/gcc/avr/4.3.2/../../../../avr/lib/avr5\libc.a(vfprintf_std.o)
                                                  c:/winavr/bin/../lib/gcc/avr/4.3.2/../../../../avr/lib/avr5\libc.a(sprintf.o)
